<html>
<body>
<pre>
<h1>µVision Build Log</h1>
<h2>Project:</h2>
Y:\Мишины проекты\aig2_soft\head\Project.uvproj
Project File Date:  09/16/2011

<h2>Output:</h2>
Rebuild target 'STM3210E-EVAL'
compiling stm32f10x_it.c...
main.h(122): warning:  #1-D: last line of file ends without a newline
compiling main.c...
main.h(122): warning:  #1-D: last line of file ends without a newline
main.c(163): warning:  #223-D: function "CRC16" declared implicitly
main.c(182): warning:  #223-D: function "CRC16" declared implicitly
main.c(407): warning:  #223-D: function "CRC16" declared implicitly
main.c(292): warning:  #177-D: variable "stat_rs232" was declared but never referenced
main.c(292): warning:  #177-D: variable "mb_lsr" was declared but never referenced
main.c(664): warning:  #260-D: explicit type is missing ("int" assumed)
main.c(664): warning:  #177-D: variable "ch" was declared but never referenced
main.c(666): warning:  #177-D: variable "tmp" was declared but never referenced
compiling crc.c...
assembling stm32f10x_vector.s...
linking...
Program Size: Code=8066 RO-data=850 RW-data=136 ZI-data=3488  
FromELF: creating hex file...
".\Obj\STM3210E-EVAL.axf" - 0 Error(s), 10 Warning(s).
Load "Y:\\Мишины проекты\\aig2_soft\\head\\Obj\\STM3210E-EVAL.AXF" 
* JLink Info: Device "STM32F100C4" selected (16 KB flash, 4 KB RAM).
Set JLink Project File to "Y:\Мишины проекты\aig2_soft\head\JLinkSettings.ini"
 
JLink info:
------------
DLL: V4.40c, compiled Jan 24 2012 09:30:33
Firmware: J-Link ARM V8 compiled Nov 25 2013 19:20:08
Hardware: V8.00
S/N : 11111118 
 
* JLink Info: Found SWD-DP with ID 0x1BA01477
* JLink Info: TPIU fitted.
* JLink Info:   FPUnit: 6 code (BP) slots and 2 literal slots
* JLink Info: Found Cortex-M3 r1p1, Little endian.
ROMTableAddr = 0xE00FF003
* JLink Info: Found SWD-DP with ID 0x1BA01477
* JLink Info: TPIU fitted.
* JLink Info:   FPUnit: 6 code (BP) slots and 2 literal slots
* JLink Info: Found Cortex-M3 r1p1, Little endian.
 
Target info:
------------
Device: STM32F100C4
VTarget = 3.313V
State of Pins: 
TCK: 0, TDI: 0, TDO: 0, TMS: 1, TRES: 1, TRST: 0
Hardware-Breakpoints: 6
Software-Breakpoints: 8192
Watchpoints:          4
JTAG speed: 4000 kHz
 
Full Chip Erase Done.
Programming Done.
Verify OK.
