<html>
<body>
<pre>
<h1>µVision Build Log</h1>
<h2>Project:</h2>
D:\ÃÑÀ - Ä\gsa-d - old mb + state\Project.uvproj
Project File Date:  04/20/2016

<h2>Output:</h2>
Build target 'STM3210E-EVAL'
linking...
Program Size: Code=10464 RO-data=848 RW-data=196 ZI-data=3572  
FromELF: creating hex file...
".\Obj\STM3210E-EVAL.axf" - 0 Error(s), 0 Warning(s).
Load "D:\\ÃÑÀ - Ä\\gsa-d - old mb + state\\Obj\\STM3210E-EVAL.axf" 
Set JLink Project File to "D:\ÃÑÀ - Ä\gsa-d - old mb + state\JLinkSettings.ini"
* JLink Info: Device "STM32F100C6" selected.
 
JLink info:
------------
DLL: V5.00l, compiled Aug  7 2015 15:52:45
Firmware: J-Link ARM V8 compiled Nov 28 2014 13:44:46
Hardware: V8.00
S/N : 11111118 
 
* JLink Info: Found SWD-DP with ID 0x1BA01477
* JLink Info: Found SWD-DP with ID 0x1BA01477
* JLink Info: Found Cortex-M3 r1p1, Little endian.
* JLink Info: FPUnit: 6 code (BP) slots and 2 literal slots
* JLink Info: CoreSight components:
* JLink Info: ROMTbl 0 @ E00FF000
* JLink Info: ROMTbl 0 [0]: FFF0F000, CID: B105E00D, PID: 001BB000 SCS
* JLink Info: ROMTbl 0 [1]: FFF02000, CID: B105E00D, PID: 001BB002 DWT
* JLink Info: ROMTbl 0 [2]: FFF03000, CID: B105E00D, PID: 000BB003 FPB
* JLink Info: ROMTbl 0 [3]: FFF01000, CID: B105E00D, PID: 001BB001 ITM
* JLink Info: ROMTbl 0 [4]: FFF41000, CID: B105900D, PID: 001BB923 TPIU-Lite
ROMTableAddr = 0xE00FF003
 
Target info:
------------
Device: STM32F100C6
VTarget = 3.287V
State of Pins: 
TCK: 0, TDI: 0, TDO: 0, TMS: 1, TRES: 1, TRST: 0
Hardware-Breakpoints: 6
Software-Breakpoints: 8192
Watchpoints:          4
JTAG speed: 4000 kHz
 
Full Chip Erase Done.
Programming Done.
Verify OK.
M3210E-EVAL.axf" 
Set JLink Project File to "D:\ÃÑÀ - Ä\gsa-d - old mb + state\JLinkSettings.ini"
* JLink Info: Device "STM32F100C6" selected.
 
JLink info:
------------
DLL: V5.00l, compiled Aug  7 2015 15:52:45
Firmware: J-Link ARM V8 compiled Nov 28 2014 13:44:46
Hardware: V8.00
S/N : 11111118 
 
Error: Flash Download failed  -  Target DLL has been cancelled
Load "D:\\ÃÑÀ - Ä\\gsa-d - old mb + state\\Obj\\STM3210E-EVAL.axf" 
Set JLink Project File to "D:\ÃÑÀ - Ä\gsa-d - old mb + state\JLinkSettings.ini"
* JLink Info: Device "STM32F100C6" selected.
 
JLink info:
------------
DLL: V5.00l, compiled Aug  7 2015 15:52:45
Firmware: J-Link ARM V8 compiled Nov 28 2014 13:44:46
Hardware: V8.00
S/N : 11111118 
 
* JLink Info: Found SWD-DP with ID 0x1BA01477
* JLink Info: Found SWD-DP with ID 0x1BA01477
* JLink Info: Found Cortex-M3 r1p1, Little endian.
* JLink Info: FPUnit: 6 code (BP) slots and 2 literal slots
* JLink Info: CoreSight components:
* JLink Info: ROMTbl 0 @ E00FF000
* JLink Info: ROMTbl 0 [0]: FFF0F000, CID: B105E00D, PID: 001BB000 SCS
* JLink Info: ROMTbl 0 [1]: FFF02000, CID: B105E00D, PID: 001BB002 DWT
* JLink Info: ROMTbl 0 [2]: FFF03000, CID: B105E00D, PID: 000BB003 FPB
* JLink Info: ROMTbl 0 [3]: FFF01000, CID: B105E00D, PID: 001BB001 ITM
* JLink Info: ROMTbl 0 [4]: FFF41000, CID: B105900D, PID: 001BB923 TPIU-Lite
ROMTableAddr = 0xE00FF003
 
Target info:
------------
Device: STM32F100C6
VTarget = 3.287V
State of Pins: 
TCK: 0, TDI: 0, TDO: 0, TMS: 1, TRES: 1, TRST: 0
Hardware-Breakpoints: 6
Software-Breakpoints: 8192
Watchpoints:          4
JTAG speed: 4000 kHz
 
Full Chip Erase Done.
Programming Done.
Verify OK.
compiling main.c...
main.c(783): warning:  #223-D: function "CRC16" declared implicitly
        Params.crc = CRC16((unsigned char *) & Params, FLASH_SIZE*4-4);
main.c(745): warning:  #550-D: variable "j" was set but never used
        int i,j;
main.c(807): warning:  #177-D: variable "tst_tmp" was declared but never referenced
        uint8_t tst_tmp = 0;
main.c(821): warning:  #223-D: function "CRC16" declared implicitly
        if (CRC16((unsigned char *) Flash_Params, FLASH_SIZE*4-4) != Flash_Params->crc)
main.c(841): warning:  #223-D: function "CRC16" declared implicitly
        uint16_t ctc_tmp1 = CRC16((unsigned char *) Flash_Params2, FLASH_SIZE_2*4-4);
main.c(869): warning:  #940-D: missing return statement at end of non-void function "FlashRestore"
  }
main.c(1088): warning:  #223-D: function "CRC16" declared implicitly
                                                if (CRC16((unsigned char *) & mb_slave_buf, mb_sl_datasize))
main.c(1191): warning:  #223-D: function "CRC16" declared implicitly
                                                crc = CRC16(mb_slave_buf, mb_sl_datasize);
main.c(1036): warning:  #177-D: variable "stat_rs232" was declared but never referenced
        char                    stat_rs232, mb_lsr;
main.c(1036): warning:  #177-D: variable "mb_lsr" was declared but never referenced
        char                    stat_rs232, mb_lsr;
main.c(1213): warning:  #177-D: variable "ch" was declared but never referenced
        static int  ch=0;
main.c(1215): warning:  #177-D: variable "tmp" was declared but never referenced
        int DACtmp,tmp;
main.c(820): warning: C4017W: ret may be used before being set
        uint8_t ret;
main.c(1033): warning: C4017W: stat may be used before being set
        unsigned int    stat, crc, i;
main.c(1215): warning: C4017W: DACtmp may be used before being set
        int DACtmp,tmp;
main.c: 15 warnings, 0 errors
"main.c" - 0 Error(s), 15 Warning(s).
4017W: stat may be used before being set
        unsigned int    stat, crc, i;
main.c(1209): warning: C4017W: DACtmp may be used before being set
        int DACtmp,tmp;
main.c: 15 warnings, 0 errors
"main.c" - 0 Error(s), 15 Warning(s).
