<html>
<body>
<pre>
<h1>µVision Build Log</h1>
<h2>Project:</h2>
Z:\Пашины проекты\refactoring\gsa-d\Project.uvproj
Project File Date:  09/25/2014

<h2>Output:</h2>
Build target 'STM3210E-EVAL'
compiling stm32f10x_it.c...
main.h(107): warning:  #1-D: last line of file ends without a newline
compiling main.c...
main.h(107): warning:  #1-D: last line of file ends without a newline
main.c(106): warning:  #223-D: function "CRC16" declared implicitly
main.c(116): warning:  #223-D: function "CRC16" declared implicitly
main.c(259): warning:  #223-D: function "CRC16" declared implicitly
main.c(207): warning:  #177-D: variable "stat_rs232" was declared but never referenced
main.c(207): warning:  #177-D: variable "mb_lsr" was declared but never referenced
main.c(390): warning:  #260-D: explicit type is missing ("int" assumed)
main.c(390): warning:  #177-D: variable "ch" was declared but never referenced
main.c(392): warning:  #177-D: variable "tmp" was declared but never referenced
compiling md5c.c...
md5c.c(67): warning:  #1294-D: Old-style function Encode
md5c.c(88): warning:  #1294-D: Old-style function Decode
md5c.c(144): warning:  #1294-D: Old-style function MD5Init
md5c.c(163): warning:  #1294-D: Old-style function MD5Update
md5c.c(206): warning:  #1294-D: Old-style function MD5Final
md5c.c(234): warning:  #1294-D: Old-style function MD5Transform
linking...
Program Size: Code=11230 RO-data=870 RW-data=204 ZI-data=3484  
FromELF: creating hex file...
".\Obj\STM3210E-EVAL.axf" - 0 Error(s), 16 Warning(s).
Load "Z:\\Пашины проекты\\refactoring\\gsa-d\\Obj\\STM3210E-EVAL.AXF" 
* JLink Info: Device "STM32F100C4" selected (16 KB flash, 4 KB RAM).
Set JLink Project File to "Z:\Пашины проекты\refactoring\gsa-d\JLinkSettings.ini"
 
JLink info:
------------
DLL: V4.40c, compiled Jan 24 2012 09:30:33
Firmware: J-Link ARM V8 compiled Jul 17 2013 11:24:15
Hardware: V8.00
S/N : 11111118 
 
* JLink Info: Found SWD-DP with ID 0x1BA01477
* JLink Info: TPIU fitted.
* JLink Info:   FPUnit: 6 code (BP) slots and 2 literal slots
* JLink Info: Found Cortex-M3 r1p1, Little endian.
ROMTableAddr = 0xE00FF003
* JLink Info: Found SWD-DP with ID 0x1BA01477
* JLink Info: TPIU fitted.
* JLink Info:   FPUnit: 6 code (BP) slots and 2 literal slots
* JLink Info: Found Cortex-M3 r1p1, Little endian.
 
Target info:
------------
Device: STM32F100C4
VTarget = 3.293V
State of Pins: 
TCK: 0, TDI: 0, TDO: 0, TMS: 1, TRES: 1, TRST: 0
Hardware-Breakpoints: 6
Software-Breakpoints: 8192
Watchpoints:          4
JTAG speed: 4000 kHz
 
Full Chip Erase Done.
Programming Done.
Verify OK.
