ARM Linker, 4.1 [Build 894] [Standard]

==============================================================================

Section Cross References

    main.o(i.FlashRestore) refers to crc.o(i.CRC16) for CRC16
    main.o(i.FlashRestore) refers to main.o(.bss) for Params
    main.o(i.FlashRestore) refers to main.o(.data) for Flash_Params
    main.o(i.FlashStore) refers to stm32f10x_flash.o(i.FLASH_Unlock) for FLASH_Unlock
    main.o(i.FlashStore) refers to stm32f10x_flash.o(i.FLASH_ClearFlag) for FLASH_ClearFlag
    main.o(i.FlashStore) refers to stm32f10x_flash.o(i.FLASH_ErasePage) for FLASH_ErasePage
    main.o(i.FlashStore) refers to crc.o(i.CRC16) for CRC16
    main.o(i.FlashStore) refers to stm32f10x_flash.o(i.FLASH_ProgramWord) for FLASH_ProgramWord
    main.o(i.FlashStore) refers to main.o(.data) for FLASHStatus
    main.o(i.FlashStore) refers to main.o(.bss) for Params
    main.o(i.NVIC_Configuration) refers to stm32f10x_nvic.o(i.NVIC_SetVectorTable) for NVIC_SetVectorTable
    main.o(i.NVIC_Configuration) refers to stm32f10x_nvic.o(i.NVIC_Init) for NVIC_Init
    main.o(i.RCC_Configuration) refers to stm32f10x_rcc.o(i.RCC_DeInit) for RCC_DeInit
    main.o(i.RCC_Configuration) refers to stm32f10x_flash.o(i.FLASH_PrefetchBufferCmd) for FLASH_PrefetchBufferCmd
    main.o(i.RCC_Configuration) refers to stm32f10x_flash.o(i.FLASH_SetLatency) for FLASH_SetLatency
    main.o(i.RCC_Configuration) refers to stm32f10x_rcc.o(i.RCC_HCLKConfig) for RCC_HCLKConfig
    main.o(i.RCC_Configuration) refers to stm32f10x_rcc.o(i.RCC_PCLK2Config) for RCC_PCLK2Config
    main.o(i.RCC_Configuration) refers to stm32f10x_rcc.o(i.RCC_PCLK1Config) for RCC_PCLK1Config
    main.o(i.RCC_Configuration) refers to stm32f10x_rcc.o(i.RCC_ADCCLKConfig) for RCC_ADCCLKConfig
    main.o(i.RCC_Configuration) refers to stm32f10x_rcc.o(i.RCC_PLLConfig) for RCC_PLLConfig
    main.o(i.RCC_Configuration) refers to stm32f10x_rcc.o(i.RCC_PLLCmd) for RCC_PLLCmd
    main.o(i.RCC_Configuration) refers to stm32f10x_rcc.o(i.RCC_GetFlagStatus) for RCC_GetFlagStatus
    main.o(i.RCC_Configuration) refers to stm32f10x_rcc.o(i.RCC_SYSCLKConfig) for RCC_SYSCLKConfig
    main.o(i.RCC_Configuration) refers to stm32f10x_rcc.o(i.RCC_GetSYSCLKSource) for RCC_GetSYSCLKSource
    main.o(i.TIM2_IRQHandler) refers to stm32f10x_adc.o(i.ADC_GetConversionValue) for ADC_GetConversionValue
    main.o(i.TIM2_IRQHandler) refers to dflt_clz.o(x$fpl$dflt) for __aeabi_i2d
    main.o(i.TIM2_IRQHandler) refers to ddiv.o(x$fpl$ddiv) for __aeabi_ddiv
    main.o(i.TIM2_IRQHandler) refers to daddsub_clz.o(x$fpl$dadd) for __aeabi_dadd
    main.o(i.TIM2_IRQHandler) refers to dfixu.o(x$fpl$dfixu) for __aeabi_d2uiz
    main.o(i.TIM2_IRQHandler) refers to stm32f10x_adc.o(i.ADC_RegularChannelConfig) for ADC_RegularChannelConfig
    main.o(i.TIM2_IRQHandler) refers to stm32f10x_adc.o(i.ADC_SoftwareStartConvCmd) for ADC_SoftwareStartConvCmd
    main.o(i.TIM2_IRQHandler) refers to stm32f10x_gpio.o(i.GPIO_SetBits) for GPIO_SetBits
    main.o(i.TIM2_IRQHandler) refers to stm32f10x_usart.o(i.USART_ITConfig) for USART_ITConfig
    main.o(i.TIM2_IRQHandler) refers to stm32f10x_gpio.o(i.GPIO_ResetBits) for GPIO_ResetBits
    main.o(i.TIM2_IRQHandler) refers to stm32f10x_tim.o(i.TIM_ClearITPendingBit) for TIM_ClearITPendingBit
    main.o(i.TIM2_IRQHandler) refers to main.o(.data) for adc_channel
    main.o(i.TIM2_IRQHandler) refers to main.o(.bss) for Params
    main.o(i.USART1_IRQHandler) refers to stm32f10x_usart.o(i.USART_ITConfig) for USART_ITConfig
    main.o(i.USART1_IRQHandler) refers to crc.o(i.CRC16) for CRC16
    main.o(i.USART1_IRQHandler) refers to stm32f10x_gpio.o(i.GPIO_SetBits) for GPIO_SetBits
    main.o(i.USART1_IRQHandler) refers to main.o(.data) for mb_sl_bytecount
    main.o(i.USART1_IRQHandler) refers to main.o(.bss) for mb_slave_buf
    main.o(i.main) refers to md5c.o(i.MD5Init) for MD5Init
    main.o(i.main) refers to md5c.o(i.MD5Update) for MD5Update
    main.o(i.main) refers to md5c.o(i.MD5Final) for MD5Final
    main.o(i.main) refers to main.o(i.RCC_Configuration) for RCC_Configuration
    main.o(i.main) refers to stm32f10x_rcc.o(i.RCC_APB2PeriphClockCmd) for RCC_APB2PeriphClockCmd
    main.o(i.main) refers to stm32f10x_rcc.o(i.RCC_APB1PeriphClockCmd) for RCC_APB1PeriphClockCmd
    main.o(i.main) refers to stm32f10x_gpio.o(i.GPIO_Init) for GPIO_Init
    main.o(i.main) refers to stm32f10x_adc.o(i.ADC_Init) for ADC_Init
    main.o(i.main) refers to stm32f10x_adc.o(i.ADC_Cmd) for ADC_Cmd
    main.o(i.main) refers to stm32f10x_adc.o(i.ADC_ResetCalibration) for ADC_ResetCalibration
    main.o(i.main) refers to stm32f10x_adc.o(i.ADC_GetResetCalibrationStatus) for ADC_GetResetCalibrationStatus
    main.o(i.main) refers to stm32f10x_adc.o(i.ADC_StartCalibration) for ADC_StartCalibration
    main.o(i.main) refers to stm32f10x_tim.o(i.TIM_TimeBaseInit) for TIM_TimeBaseInit
    main.o(i.main) refers to stm32f10x_tim.o(i.TIM_OC2Init) for TIM_OC2Init
[...]
    Removing stm32f10x_tim.o(i.TIM_PWMIConfig), (108 bytes).
    Removing stm32f10x_tim.o(i.TIM_BDTRConfig), (34 bytes).
    Removing stm32f10x_tim.o(i.TIM_TimeBaseStructInit), (18 bytes).
    Removing stm32f10x_tim.o(i.TIM_OCStructInit), (20 bytes).
    Removing stm32f10x_tim.o(i.TIM_ICStructInit), (16 bytes).
    Removing stm32f10x_tim.o(i.TIM_BDTRStructInit), (18 bytes).
    Removing stm32f10x_tim.o(i.TIM_CtrlPWMOutputs), (22 bytes).
    Removing stm32f10x_tim.o(i.TIM_ITConfig), (16 bytes).
    Removing stm32f10x_tim.o(i.TIM_GenerateEvent), (4 bytes).
    Removing stm32f10x_tim.o(i.TIM_DMAConfig), (8 bytes).
    Removing stm32f10x_tim.o(i.TIM_DMACmd), (16 bytes).
    Removing stm32f10x_tim.o(i.TIM_InternalClockConfig), (10 bytes).
    Removing stm32f10x_tim.o(i.TIM_SelectInputTrigger), (12 bytes).
    Removing stm32f10x_tim.o(i.TIM_ITRxExternalClockConfig), (20 bytes).
    Removing stm32f10x_tim.o(i.TIM_TIxExternalClockConfig), (46 bytes).
    Removing stm32f10x_tim.o(i.TIM_ETRConfig), (18 bytes).
    Removing stm32f10x_tim.o(i.TIM_ETRClockMode1Config), (18 bytes).
    Removing stm32f10x_tim.o(i.TIM_ETRClockMode2Config), (18 bytes).
    Removing stm32f10x_tim.o(i.TIM_PrescalerConfig), (6 bytes).
    Removing stm32f10x_tim.o(i.TIM_CounterModeConfig), (14 bytes).
    Removing stm32f10x_tim.o(i.TIM_EncoderInterfaceConfig), (44 bytes).
    Removing stm32f10x_tim.o(i.TIM_ForcedOC1Config), (12 bytes).
    Removing stm32f10x_tim.o(i.TIM_ForcedOC2Config), (14 bytes).
    Removing stm32f10x_tim.o(i.TIM_ForcedOC3Config), (12 bytes).
    Removing stm32f10x_tim.o(i.TIM_ForcedOC4Config), (14 bytes).
    Removing stm32f10x_tim.o(i.TIM_ARRPreloadConfig), (22 bytes).
    Removing stm32f10x_tim.o(i.TIM_SelectCOM), (20 bytes).
    Removing stm32f10x_tim.o(i.TIM_SelectCCDMA), (20 bytes).
    Removing stm32f10x_tim.o(i.TIM_CCPreloadControl), (20 bytes).
    Removing stm32f10x_tim.o(i.TIM_OC3PreloadConfig), (12 bytes).
    Removing stm32f10x_tim.o(i.TIM_OC4PreloadConfig), (14 bytes).
    Removing stm32f10x_tim.o(i.TIM_OC1FastConfig), (12 bytes).
    Removing stm32f10x_tim.o(i.TIM_OC2FastConfig), (14 bytes).
    Removing stm32f10x_tim.o(i.TIM_OC3FastConfig), (12 bytes).
    Removing stm32f10x_tim.o(i.TIM_OC4FastConfig), (14 bytes).
    Removing stm32f10x_tim.o(i.TIM_ClearOC1Ref), (12 bytes).
    Removing stm32f10x_tim.o(i.TIM_ClearOC2Ref), (14 bytes).
    Removing stm32f10x_tim.o(i.TIM_ClearOC3Ref), (12 bytes).
    Removing stm32f10x_tim.o(i.TIM_ClearOC4Ref), (14 bytes).
    Removing stm32f10x_tim.o(i.TIM_OC1PolarityConfig), (12 bytes).
    Removing stm32f10x_tim.o(i.TIM_OC1NPolarityConfig), (12 bytes).
    Removing stm32f10x_tim.o(i.TIM_OC2PolarityConfig), (14 bytes).
    Removing stm32f10x_tim.o(i.TIM_OC2NPolarityConfig), (14 bytes).
    Removing stm32f10x_tim.o(i.TIM_OC3PolarityConfig), (14 bytes).
    Removing stm32f10x_tim.o(i.TIM_OC3NPolarityConfig), (14 bytes).
    Removing stm32f10x_tim.o(i.TIM_OC4PolarityConfig), (14 bytes).
    Removing stm32f10x_tim.o(i.TIM_CCxCmd), (22 bytes).
    Removing stm32f10x_tim.o(i.TIM_CCxNCmd), (22 bytes).
    Removing stm32f10x_tim.o(i.TIM_SelectOCxM), (62 bytes).
    Removing stm32f10x_tim.o(i.TIM_UpdateDisableConfig), (22 bytes).
    Removing stm32f10x_tim.o(i.TIM_UpdateRequestConfig), (22 bytes).
    Removing stm32f10x_tim.o(i.TIM_SelectHallSensor), (20 bytes).
    Removing stm32f10x_tim.o(i.TIM_SelectOnePulseMode), (18 bytes).
    Removing stm32f10x_tim.o(i.TIM_SelectOutputTrigger), (16 bytes).
    Removing stm32f10x_tim.o(i.TIM_SelectSlaveMode), (16 bytes).
    Removing stm32f10x_tim.o(i.TIM_SelectMasterSlaveMode), (16 bytes).
    Removing stm32f10x_tim.o(i.TIM_SetCounter), (4 bytes).
    Removing stm32f10x_tim.o(i.TIM_SetAutoreload), (4 bytes).
    Removing stm32f10x_tim.o(i.TIM_SetCompare1), (4 bytes).
    Removing stm32f10x_tim.o(i.TIM_SetCompare2), (4 bytes).
    Removing stm32f10x_tim.o(i.TIM_SetCompare3), (4 bytes).
    Removing stm32f10x_tim.o(i.TIM_SetCompare4), (6 bytes).
    Removing stm32f10x_tim.o(i.TIM_SetClockDivision), (14 bytes).
    Removing stm32f10x_tim.o(i.TIM_GetCapture1), (4 bytes).
    Removing stm32f10x_tim.o(i.TIM_GetCapture2), (4 bytes).
    Removing stm32f10x_tim.o(i.TIM_GetCapture3), (4 bytes).
    Removing stm32f10x_tim.o(i.TIM_GetCapture4), (6 bytes).
    Removing stm32f10x_tim.o(i.TIM_GetCounter), (4 bytes).
    Removing stm32f10x_tim.o(i.TIM_GetPrescaler), (4 bytes).
    Removing stm32f10x_tim.o(i.TIM_GetFlagStatus), (14 bytes).
    Removing stm32f10x_tim.o(i.TIM_ClearFlag), (6 bytes).
    Removing stm32f10x_tim.o(i.TIM_GetITStatus), (24 bytes).
    Removing stm32f10x_tim.o(i.TI1_Config), (40 bytes).
    Removing stm32f10x_usart.o(i.USART_DeInit), (108 bytes).
    Removing stm32f10x_usart.o(i.USART_StructInit), (22 bytes).
    Removing stm32f10x_usart.o(i.USART_ClockInit), (30 bytes).
    Removing stm32f10x_usart.o(i.USART_ClockStructInit), (12 bytes).
    Removing stm32f10x_usart.o(i.USART_DMACmd), (16 bytes).
    Removing stm32f10x_usart.o(i.USART_SetAddress), (16 bytes).
    Removing stm32f10x_usart.o(i.USART_WakeUpConfig), (16 bytes).
    Removing stm32f10x_usart.o(i.USART_ReceiverWakeUpCmd), (20 bytes).
    Removing stm32f10x_usart.o(i.USART_LINBreakDetectLengthConfig), (16 bytes).
    Removing stm32f10x_usart.o(i.USART_LINCmd), (20 bytes).
    Removing stm32f10x_usart.o(i.USART_SendData), (8 bytes).
    Removing stm32f10x_usart.o(i.USART_ReceiveData), (8 bytes).
    Removing stm32f10x_usart.o(i.USART_SendBreak), (10 bytes).
    Removing stm32f10x_usart.o(i.USART_SetGuardTime), (16 bytes).
    Removing stm32f10x_usart.o(i.USART_SetPrescaler), (16 bytes).
    Removing stm32f10x_usart.o(i.USART_SmartCardCmd), (20 bytes).
    Removing stm32f10x_usart.o(i.USART_SmartCardNACKCmd), (20 bytes).
    Removing stm32f10x_usart.o(i.USART_HalfDuplexCmd), (20 bytes).
    Removing stm32f10x_usart.o(i.USART_IrDAConfig), (16 bytes).
    Removing stm32f10x_usart.o(i.USART_IrDACmd), (20 bytes).
    Removing stm32f10x_usart.o(i.USART_GetFlagStatus), (14 bytes).
    Removing stm32f10x_usart.o(i.USART_ClearFlag), (6 bytes).
    Removing stm32f10x_usart.o(i.USART_GetITStatus), (62 bytes).
    Removing stm32f10x_usart.o(i.USART_ClearITPendingBit), (12 bytes).
    Removing cortexm3_macro.o(.text), (122 bytes).

219 unused section(s) (total 5584 bytes) removed from the image.

==============================================================================

Image Symbol Table

    Local Symbols

    Symbol Name                              Value     Ov Type        Size  Object(Section)

    ../../angel/boardlib.s                   0x00000000   Number         0  boardshut.o ABSOLUTE
    ../../angel/boardlib.s                   0x00000000   Number         0  boardinit1.o ABSOLUTE
    ../../angel/boardlib.s                   0x00000000   Number         0  boardinit2.o ABSOLUTE
    ../../angel/boardlib.s                   0x00000000   Number         0  boardinit3.o ABSOLUTE
    ../../angel/handlers.s                   0x00000000   Number         0  __scatter_copy.o ABSOLUTE
    ../../angel/handlers.s                   0x00000000   Number         0  __scatter_zi.o ABSOLUTE
    ../../angel/kernel.s                     0x00000000   Number         0  rtentry4.o ABSOLUTE
    ../../angel/kernel.s                     0x00000000   Number         0  rtexit2.o ABSOLUTE
    ../../angel/kernel.s                     0x00000000   Number         0  rtentry2.o ABSOLUTE
    ../../angel/kernel.s                     0x00000000   Number         0  rtexit.o ABSOLUTE
    ../../angel/kernel.s                     0x00000000   Number         0  rtentry.o ABSOLUTE
    ../../angel/rt.s                         0x00000000   Number         0  rt_raise.o ABSOLUTE
    ../../angel/rt.s                         0x00000000   Number         0  rt_fp_status_addr.o ABSOLUTE
    ../../angel/rt.s                         0x00000000   Number         0  rt_fp_status_addr_intlibspace.o ABSOLUTE
    ../../angel/scatter.s                    0x00000000   Number         0  __scatter.o ABSOLUTE
    ../../angel/startup.s                    0x00000000   Number         0  __main.o ABSOLUTE
    ../../angel/sys.s                        0x00000000   Number         0  libspace.o ABSOLUTE
    ../../angel/sys.s                        0x00000000   Number         0  use_no_semi.o ABSOLUTE
    ../../angel/sys.s                        0x00000000   Number         0  indicate_semi.o ABSOLUTE
    ../../angel/sys.s                        0x00000000   Number         0  sys_stackheap_outer.o ABSOLUTE
    ../../angel/sysapp.c                     0x00000000   Number         0  sys_wrch.o ABSOLUTE
    ../../angel/sysapp.c                     0x00000000   Number         0  sys_command.o ABSOLUTE
    ../../angel/sysapp.c                     0x00000000   Number         0  sys_exit.o ABSOLUTE
    ../../armsys.c                           0x00000000   Number         0  no_argv.o ABSOLUTE
    ../../armsys.c                           0x00000000   Number         0  _get_argv_nomalloc.o ABSOLUTE
    ../../armsys.c                           0x00000000   Number         0  argv_veneer.o ABSOLUTE
    ../../armsys.c                           0x00000000   Number         0  argv_veneer.o ABSOLUTE
    ../../daddsub.s                          0x00000000   Number         0  daddsub_clz.o ABSOLUTE
    ../../ddiv.s                             0x00000000   Number         0  ddiv.o ABSOLUTE
    ../../dfixu.s                            0x00000000   Number         0  dfixu.o ABSOLUTE
    ../../dflt.s                             0x00000000   Number         0  dflt_clz.o ABSOLUTE
    ../../dnaninf.s                          0x00000000   Number         0  dnaninf.o ABSOLUTE
    ../../dretinf.s                          0x00000000   Number         0  dretinf.o ABSOLUTE
    ../../fpinit.s                           0x00000000   Number         0  fpinit.o ABSOLUTE
    ../../heapalloc.c                        0x00000000   Number         0  hrguard.o ABSOLUTE
    ../../heapaux.c                          0x00000000   Number         0  heapauxi.o ABSOLUTE
    ../../libinit.s                          0x00000000   Number         0  libshutdown2.o ABSOLUTE
    ../../libinit.s                          0x00000000   Number         0  libinit2.o ABSOLUTE
    ../../libinit.s                          0x00000000   Number         0  libinit.o ABSOLUTE
    ../../libinit.s                          0x00000000   Number         0  libshutdown.o ABSOLUTE
    ../../memcpset.s                         0x00000000   Number         0  rt_memclr_w.o ABSOLUTE
    ../../memcpset.s                         0x00000000   Number         0  rt_memcpy_w.o ABSOLUTE
    ../../memcpset.s                         0x00000000   Number         0  rt_memcpy_v6.o ABSOLUTE
    ../../signal.c                           0x00000000   Number         0  defsig_rtmem_outer.o ABSOLUTE
    ../../signal.c                           0x00000000   Number         0  defsig_rtmem_inner.o ABSOLUTE
    ../../signal.c                           0x00000000   Number         0  defsig_exit.o ABSOLUTE
    ../../signal.c                           0x00000000   Number         0  defsig_rtmem_formal.o ABSOLUTE
    ../../signal.c                           0x00000000   Number         0  defsig_pvfn_inner.o ABSOLUTE
    ../../signal.c                           0x00000000   Number         0  defsig_other.o ABSOLUTE
    ../../signal.c                           0x00000000   Number         0  defsig_segv_inner.o ABSOLUTE
    ../../signal.c                           0x00000000   Number         0  defsig_cppl_inner.o ABSOLUTE
    ../../signal.c                           0x00000000   Number         0  defsig_stak_inner.o ABSOLUTE
    ../../signal.c                           0x00000000   Number         0  defsig_rtred_inner.o ABSOLUTE
    ../../signal.c                           0x00000000   Number         0  defsig_fpe_inner.o ABSOLUTE
    ../../signal.c                           0x00000000   Number         0  defsig_abrt_inner.o ABSOLUTE
    ../../signal.c                           0x00000000   Number         0  defsig_general.o ABSOLUTE
    ../../signal.c                           0x00000000   Number         0  __raise.o ABSOLUTE
    ../../signal.s                           0x00000000   Number         0  defsig.o ABSOLUTE
    ../../stdlib.c                           0x00000000   Number         0  exit.o ABSOLUTE
    ../../usenofp.s                          0x00000000   Number         0  usenofp.o ABSOLUTE
    cortexm3_macro.s                         0x00000000   Number         0  cortexm3_macro.o ABSOLUTE
    crc.c                                    0x00000000   Number         0  crc.o ABSOLUTE
    dc.s                                     0x00000000   Number         0  dc.o ABSOLUTE
    main.c                                   0x00000000   Number         0  main.o ABSOLUTE
    main.c                                   0x00000000   Number         0  main.o ABSOLUTE
    md5c.c                                   0x00000000   Number         0  md5c.o ABSOLUTE
    md5c.c                                   0x00000000   Number         0  md5c.o ABSOLUTE
    stm32f10x_adc.c                          0x00000000   Number         0  stm32f10x_adc.o ABSOLUTE
    stm32f10x_flash.c                        0x00000000   Number         0  stm32f10x_flash.o ABSOLUTE
    stm32f10x_gpio.c                         0x00000000   Number         0  stm32f10x_gpio.o ABSOLUTE
    stm32f10x_it.c                           0x00000000   Number         0  stm32f10x_it.o ABSOLUTE
    stm32f10x_it.c                           0x00000000   Number         0  stm32f10x_it.o ABSOLUTE
    stm32f10x_nvic.c                         0x00000000   Number         0  stm32f10x_nvic.o ABSOLUTE
    stm32f10x_rcc.c                          0x00000000   Number         0  stm32f10x_rcc.o ABSOLUTE
    stm32f10x_tim.c                          0x00000000   Number         0  stm32f10x_tim.o ABSOLUTE
    stm32f10x_usart.c                        0x00000000   Number         0  stm32f10x_usart.o ABSOLUTE
    stm32f10x_vector.s                       0x00000000   Number         0  stm32f10x_vector.o ABSOLUTE
    RESET                                    0x08000000   Section      304  stm32f10x_vector.o(RESET)
    !!!main                                  0x08000130   Section        8  __main.o(!!!main)
    !!!scatter                               0x08000138   Section       52  __scatter.o(!!!scatter)
    !!handler_copy                           0x0800016c   Section       26  __scatter_copy.o(!!handler_copy)
    !!handler_zi                             0x08000188   Section       28  __scatter_zi.o(!!handler_zi)
    .ARM.Collect$$libinit$$00000000          0x080001a4   Section        6  libinit.o(.ARM.Collect$$libinit$$00000000)
    .ARM.Collect$$libinit$$00000006          0x080001aa   Section        0  libinit2.o(.ARM.Collect$$libinit$$00000006)
    .ARM.Collect$$libinit$$00000008          0x080001aa   Section        0  libinit2.o(.ARM.Collect$$libinit$$00000008)
    .ARM.Collect$$libinit$$0000000A          0x080001aa   Section        0  libinit2.o(.ARM.Collect$$libinit$$0000000A)
    .ARM.Collect$$libinit$$0000000D          0x080001aa   Section        0  libinit2.o(.ARM.Collect$$libinit$$0000000D)
    .ARM.Collect$$libinit$$0000000F          0x080001aa   Section        0  libinit2.o(.ARM.Collect$$libinit$$0000000F)
    .ARM.Collect$$libinit$$00000011          0x080001aa   Section        0  libinit2.o(.ARM.Collect$$libinit$$00000011)
    .ARM.Collect$$libinit$$00000013          0x080001aa   Section        0  libinit2.o(.ARM.Collect$$libinit$$00000013)
    .ARM.Collect$$libinit$$00000015          0x080001aa   Section        0  libinit2.o(.ARM.Collect$$libinit$$00000015)
    .ARM.Collect$$libinit$$00000017          0x080001aa   Section        0  libinit2.o(.ARM.Collect$$libinit$$00000017)
    .ARM.Collect$$libinit$$00000019          0x080001aa   Section        0  libinit2.o(.ARM.Collect$$libinit$$00000019)
    .ARM.Collect$$libinit$$0000001B          0x080001aa   Section        0  libinit2.o(.ARM.Collect$$libinit$$0000001B)
    .ARM.Collect$$libinit$$0000001D          0x080001aa   Section        0  libinit2.o(.ARM.Collect$$libinit$$0000001D)
    .ARM.Collect$$libinit$$0000001F          0x080001aa   Section        0  libinit2.o(.ARM.Collect$$libinit$$0000001F)
    .ARM.Collect$$libinit$$00000021          0x080001aa   Section        0  libinit2.o(.ARM.Collect$$libinit$$00000021)
    .ARM.Collect$$libinit$$00000028          0x080001aa   Section        0  libinit2.o(.ARM.Collect$$libinit$$00000028)
    .ARM.Collect$$libinit$$0000002A          0x080001aa   Section        0  libinit2.o(.ARM.Collect$$libinit$$0000002A)
    .ARM.Collect$$libinit$$0000002C          0x080001aa   Section        0  libinit2.o(.ARM.Collect$$libinit$$0000002C)
    .ARM.Collect$$libinit$$0000002E          0x080001aa   Section        0  libinit2.o(.ARM.Collect$$libinit$$0000002E)
    .ARM.Collect$$libinit$$0000002F          0x080001aa   Section        2  libinit2.o(.ARM.Collect$$libinit$$0000002F)
    .ARM.Collect$$libshutdown$$00000000      0x080001ac   Section        2  libshutdown.o(.ARM.Collect$$libshutdown$$00000000)
    .ARM.Collect$$libshutdown$$00000003      0x080001ae   Section        0  libshutdown2.o(.ARM.Collect$$libshutdown$$00000003)
    .ARM.Collect$$libshutdown$$00000006      0x080001ae   Section        0  libshutdown2.o(.ARM.Collect$$libshutdown$$00000006)
    .ARM.Collect$$libshutdown$$00000009      0x080001ae   Section        0  libshutdown2.o(.ARM.Collect$$libshutdown$$00000009)
    .ARM.Collect$$libshutdown$$0000000B      0x080001ae   Section        0  libshutdown2.o(.ARM.Collect$$libshutdown$$0000000B)
    .ARM.Collect$$libshutdown$$0000000E      0x080001ae   Section        0  libshutdown2.o(.ARM.Collect$$libshutdown$$0000000E)
    .ARM.Collect$$libshutdown$$0000000F      0x080001ae   Section        2  libshutdown2.o(.ARM.Collect$$libshutdown$$0000000F)
    .ARM.Collect$$rtentry$$00000000          0x080001b0   Section        0  rtentry.o(.ARM.Collect$$rtentry$$00000000)
    .ARM.Collect$$rtentry$$00000002          0x080001b0   Section        0  rtentry2.o(.ARM.Collect$$rtentry$$00000002)
    .ARM.Collect$$rtentry$$00000004          0x080001b0   Section        6  rtentry4.o(.ARM.Collect$$rtentry$$00000004)
    .ARM.Collect$$rtentry$$00000009          0x080001b6   Section        0  rtentry2.o(.ARM.Collect$$rtentry$$00000009)
    .ARM.Collect$$rtentry$$0000000A          0x080001b6   Section        4  rtentry2.o(.ARM.Collect$$rtentry$$0000000A)
    .ARM.Collect$$rtentry$$0000000C          0x080001ba   Section        0  rtentry2.o(.ARM.Collect$$rtentry$$0000000C)
    .ARM.Collect$$rtentry$$0000000D          0x080001ba   Section        8  rtentry2.o(.ARM.Collect$$rtentry$$0000000D)
    .ARM.Collect$$rtexit$$00000000           0x080001c2   Section        2  rtexit.o(.ARM.Collect$$rtexit$$00000000)
    .ARM.Collect$$rtexit$$00000002           0x080001c4   Section        0  rtexit2.o(.ARM.Collect$$rtexit$$00000002)
    .ARM.Collect$$rtexit$$00000003           0x080001c4   Section        4  rtexit2.o(.ARM.Collect$$rtexit$$00000003)
    .ARM.Collect$$rtexit$$00000004           0x080001c8   Section        6  rtexit2.o(.ARM.Collect$$rtexit$$00000004)
    .text                                    0x080001d0   Section       36  stm32f10x_vector.o(.text)
    .text                                    0x080001f4   Section      138  rt_memcpy_v6.o(.text)
    .text                                    0x0800027e   Section       78  rt_memclr_w.o(.text)
    .text                                    0x080002cc   Section        0  heapauxi.o(.text)
    .text                                    0x080002d2   Section      100  rt_memcpy_w.o(.text)
    .text                                    0x08000336   Section       74  sys_stackheap_outer.o(.text)
    .text                                    0x08000380   Section        0  exit.o(.text)
    .text                                    0x0800038c   Section        8  libspace.o(.text)
    .text                                    0x08000394   Section        8  rt_fp_status_addr_intlibspace.o(.text)
    .text                                    0x0800039c   Section        0  sys_exit.o(.text)
    .text                                    0x080003a8   Section        2  use_no_semi.o(.text)
    .text                                    0x080003aa   Section        0  indicate_semi.o(.text)
    i.ADC1_2_IRQHandler                      0x080003aa   Section        0  stm32f10x_it.o(i.ADC1_2_IRQHandler)
    i.ADC3_IRQHandler                        0x080003ac   Section        0  stm32f10x_it.o(i.ADC3_IRQHandler)
    i.ADC_Cmd                                0x080003ae   Section        0  stm32f10x_adc.o(i.ADC_Cmd)
    i.ADC_GetCalibrationStatus               0x080003c2   Section        0  stm32f10x_adc.o(i.ADC_GetCalibrationStatus)
    i.ADC_GetConversionValue                 0x080003d0   Section        0  stm32f10x_adc.o(i.ADC_GetConversionValue)
    i.ADC_GetResetCalibrationStatus          0x080003d6   Section        0  stm32f10x_adc.o(i.ADC_GetResetCalibrationStatus)
    i.ADC_Init                               0x080003e4   Section        0  stm32f10x_adc.o(i.ADC_Init)
    i.ADC_RegularChannelConfig               0x0800042c   Section        0  stm32f10x_adc.o(i.ADC_RegularChannelConfig)
    i.ADC_ResetCalibration                   0x080004a0   Section        0  stm32f10x_adc.o(i.ADC_ResetCalibration)
    i.ADC_SoftwareStartConvCmd               0x080004aa   Section        0  stm32f10x_adc.o(i.ADC_SoftwareStartConvCmd)
    i.ADC_StartCalibration                   0x080004be   Section        0  stm32f10x_adc.o(i.ADC_StartCalibration)
    i.BusFaultException                      0x080004c8   Section        0  stm32f10x_it.o(i.BusFaultException)
    i.CAN_RX1_IRQHandler                     0x080004cc   Section        0  stm32f10x_it.o(i.CAN_RX1_IRQHandler)
    i.CAN_SCE_IRQHandler                     0x080004ce   Section        0  stm32f10x_it.o(i.CAN_SCE_IRQHandler)
    i.CRC16                                  0x080004d0   Section        0  crc.o(i.CRC16)
    i.DMA1_Channel1_IRQHandler               0x08000500   Section        0  stm32f10x_it.o(i.DMA1_Channel1_IRQHandler)
    i.DMA1_Channel2_IRQHandler               0x08000502   Section        0  stm32f10x_it.o(i.DMA1_Channel2_IRQHandler)
    i.DMA1_Channel3_IRQHandler               0x08000504   Section        0  stm32f10x_it.o(i.DMA1_Channel3_IRQHandler)
    i.DMA1_Channel4_IRQHandler               0x08000506   Section        0  stm32f10x_it.o(i.DMA1_Channel4_IRQHandler)
    i.DMA1_Channel5_IRQHandler               0x08000508   Section        0  stm32f10x_it.o(i.DMA1_Channel5_IRQHandler)
    i.DMA1_Channel6_IRQHandler               0x0800050a   Section        0  stm32f10x_it.o(i.DMA1_Channel6_IRQHandler)
    i.DMA1_Channel7_IRQHandler               0x0800050c   Section        0  stm32f10x_it.o(i.DMA1_Channel7_IRQHandler)
    i.DMA2_Channel1_IRQHandler               0x0800050e   Section        0  stm32f10x_it.o(i.DMA2_Channel1_IRQHandler)
    i.DMA2_Channel2_IRQHandler               0x08000510   Section        0  stm32f10x_it.o(i.DMA2_Channel2_IRQHandler)
    i.DMA2_Channel3_IRQHandler               0x08000512   Section        0  stm32f10x_it.o(i.DMA2_Channel3_IRQHandler)
    i.DMA2_Channel4_5_IRQHandler             0x08000514   Section        0  stm32f10x_it.o(i.DMA2_Channel4_5_IRQHandler)
    i.DebugMonitor                           0x08000516   Section        0  stm32f10x_it.o(i.DebugMonitor)
    i.Decode                                 0x08000518   Section        0  md5c.o(i.Decode)
    Decode                                   0x08000519   Thumb Code    50  md5c.o(i.Decode)
    i.EXTI0_IRQHandler                       0x0800054a   Section        0  stm32f10x_it.o(i.EXTI0_IRQHandler)
    i.EXTI15_10_IRQHandler                   0x0800054c   Section        0  stm32f10x_it.o(i.EXTI15_10_IRQHandler)
    i.EXTI1_IRQHandler                       0x0800054e   Section        0  stm32f10x_it.o(i.EXTI1_IRQHandler)
    i.EXTI2_IRQHandler                       0x08000550   Section        0  stm32f10x_it.o(i.EXTI2_IRQHandler)
    i.EXTI3_IRQHandler                       0x08000552   Section        0  stm32f10x_it.o(i.EXTI3_IRQHandler)
    i.EXTI4_IRQHandler                       0x08000554   Section        0  stm32f10x_it.o(i.EXTI4_IRQHandler)
    i.EXTI9_5_IRQHandler                     0x08000556   Section        0  stm32f10x_it.o(i.EXTI9_5_IRQHandler)
    i.Encode                                 0x08000558   Section        0  md5c.o(i.Encode)
    Encode                                   0x08000559   Thumb Code    62  md5c.o(i.Encode)
    i.FLASH_ClearFlag                        0x08000598   Section        0  stm32f10x_flash.o(i.FLASH_ClearFlag)
    i.FLASH_ErasePage                        0x080005a4   Section        0  stm32f10x_flash.o(i.FLASH_ErasePage)
    i.FLASH_GetStatus                        0x080005e4   Section        0  stm32f10x_flash.o(i.FLASH_GetStatus)
    i.FLASH_IRQHandler                       0x0800060c   Section        0  stm32f10x_it.o(i.FLASH_IRQHandler)
    i.FLASH_PrefetchBufferCmd                0x08000610   Section        0  stm32f10x_flash.o(i.FLASH_PrefetchBufferCmd)
    i.FLASH_ProgramWord                      0x08000628   Section        0  stm32f10x_flash.o(i.FLASH_ProgramWord)
    i.FLASH_SetLatency                       0x0800066c   Section        0  stm32f10x_flash.o(i.FLASH_SetLatency)
    i.FLASH_Unlock                           0x08000684   Section        0  stm32f10x_flash.o(i.FLASH_Unlock)
    i.FLASH_WaitForLastOperation             0x0800069c   Section        0  stm32f10x_flash.o(i.FLASH_WaitForLastOperation)
    i.FSMC_IRQHandler                        0x080006c4   Section        0  stm32f10x_it.o(i.FSMC_IRQHandler)
    i.FlashRestore                           0x080006c8   Section        0  main.o(i.FlashRestore)
    i.FlashStore                             0x08000768   Section        0  main.o(i.FlashStore)
    i.GPIO_Init                              0x080008bc   Section        0  stm32f10x_gpio.o(i.GPIO_Init)
    i.GPIO_ResetBits                         0x0800095c   Section        0  stm32f10x_gpio.o(i.GPIO_ResetBits)
    i.GPIO_SetBits                           0x08000960   Section        0  stm32f10x_gpio.o(i.GPIO_SetBits)
    i.HardFaultException                     0x08000964   Section        0  stm32f10x_it.o(i.HardFaultException)
    i.I2C1_ER_IRQHandler                     0x08000968   Section        0  stm32f10x_it.o(i.I2C1_ER_IRQHandler)
    i.I2C1_EV_IRQHandler                     0x0800096a   Section        0  stm32f10x_it.o(i.I2C1_EV_IRQHandler)
    i.I2C2_ER_IRQHandler                     0x0800096c   Section        0  stm32f10x_it.o(i.I2C2_ER_IRQHandler)
    i.I2C2_EV_IRQHandler                     0x0800096e   Section        0  stm32f10x_it.o(i.I2C2_EV_IRQHandler)
    i.MD5Final                               0x08000970   Section        0  md5c.o(i.MD5Final)
    i.MD5Init                                0x080009c8   Section        0  md5c.o(i.MD5Init)
    i.MD5Transform                           0x080009ec   Section        0  md5c.o(i.MD5Transform)
    MD5Transform                             0x080009ed   Thumb Code  1906  md5c.o(i.MD5Transform)
    i.MD5Update                              0x080011c8   Section        0  md5c.o(i.MD5Update)
    i.MemManageException                     0x0800124c   Section        0  stm32f10x_it.o(i.MemManageException)
    i.NMIException                           0x08001250   Section        0  stm32f10x_it.o(i.NMIException)
    i.NVIC_Configuration                     0x08001252   Section        0  main.o(i.NVIC_Configuration)
    i.NVIC_Init                              0x08001298   Section        0  stm32f10x_nvic.o(i.NVIC_Init)
    i.NVIC_SetVectorTable                    0x0800130c   Section        0  stm32f10x_nvic.o(i.NVIC_SetVectorTable)
    i.PVD_IRQHandler                         0x08001320   Section        0  stm32f10x_it.o(i.PVD_IRQHandler)
    i.PendSVC                                0x08001322   Section        0  stm32f10x_it.o(i.PendSVC)
    i.RCC_ADCCLKConfig                       0x08001324   Section        0  stm32f10x_rcc.o(i.RCC_ADCCLKConfig)
    i.RCC_APB1PeriphClockCmd                 0x08001338   Section        0  stm32f10x_rcc.o(i.RCC_APB1PeriphClockCmd)
    i.RCC_APB2PeriphClockCmd                 0x08001350   Section        0  stm32f10x_rcc.o(i.RCC_APB2PeriphClockCmd)
    i.RCC_Configuration                      0x08001368   Section        0  main.o(i.RCC_Configuration)
    i.RCC_DeInit                             0x080013c4   Section        0  stm32f10x_rcc.o(i.RCC_DeInit)
    i.RCC_GetClocksFreq                      0x08001400   Section        0  stm32f10x_rcc.o(i.RCC_GetClocksFreq)
    i.RCC_GetFlagStatus                      0x08001494   Section        0  stm32f10x_rcc.o(i.RCC_GetFlagStatus)
    i.RCC_GetSYSCLKSource                    0x080014c4   Section        0  stm32f10x_rcc.o(i.RCC_GetSYSCLKSource)
    i.RCC_HCLKConfig                         0x080014d4   Section        0  stm32f10x_rcc.o(i.RCC_HCLKConfig)
    i.RCC_IRQHandler                         0x080014e8   Section        0  stm32f10x_it.o(i.RCC_IRQHandler)
    i.RCC_PCLK1Config                        0x080014ec   Section        0  stm32f10x_rcc.o(i.RCC_PCLK1Config)
    i.RCC_PCLK2Config                        0x08001500   Section        0  stm32f10x_rcc.o(i.RCC_PCLK2Config)
    i.RCC_PLLCmd                             0x08001514   Section        0  stm32f10x_rcc.o(i.RCC_PLLCmd)
    i.RCC_PLLConfig                          0x08001520   Section        0  stm32f10x_rcc.o(i.RCC_PLLConfig)
    i.RCC_SYSCLKConfig                       0x08001534   Section        0  stm32f10x_rcc.o(i.RCC_SYSCLKConfig)
    i.RTCAlarm_IRQHandler                    0x08001548   Section        0  stm32f10x_it.o(i.RTCAlarm_IRQHandler)
    i.RTC_IRQHandler                         0x0800154a   Section        0  stm32f10x_it.o(i.RTC_IRQHandler)
    i.SDIO_IRQHandler                        0x0800154c   Section        0  stm32f10x_it.o(i.SDIO_IRQHandler)
    i.SPI1_IRQHandler                        0x0800154e   Section        0  stm32f10x_it.o(i.SPI1_IRQHandler)
    i.SPI2_IRQHandler                        0x08001550   Section        0  stm32f10x_it.o(i.SPI2_IRQHandler)
    i.SPI3_IRQHandler                        0x08001552   Section        0  stm32f10x_it.o(i.SPI3_IRQHandler)
    i.SVCHandler                             0x08001554   Section        0  stm32f10x_it.o(i.SVCHandler)
    i.SysTickHandler                         0x08001556   Section        0  stm32f10x_it.o(i.SysTickHandler)
    i.TAMPER_IRQHandler                      0x08001558   Section        0  stm32f10x_it.o(i.TAMPER_IRQHandler)
    i.TIM1_BRK_IRQHandler                    0x0800155a   Section        0  stm32f10x_it.o(i.TIM1_BRK_IRQHandler)
    i.TIM1_CC_IRQHandler                     0x0800155c   Section        0  stm32f10x_it.o(i.TIM1_CC_IRQHandler)
    i.TIM1_TRG_COM_IRQHandler                0x0800155e   Section        0  stm32f10x_it.o(i.TIM1_TRG_COM_IRQHandler)
    i.TIM1_UP_IRQHandler                     0x08001560   Section        0  stm32f10x_it.o(i.TIM1_UP_IRQHandler)
    i.TIM2_IRQHandler                        0x08001564   Section        0  main.o(i.TIM2_IRQHandler)
    i.TIM3_IRQHandler                        0x0800190c   Section        0  stm32f10x_it.o(i.TIM3_IRQHandler)
    i.TIM4_IRQHandler                        0x0800190e   Section        0  stm32f10x_it.o(i.TIM4_IRQHandler)
    i.TIM5_IRQHandler                        0x08001910   Section        0  stm32f10x_it.o(i.TIM5_IRQHandler)
    i.TIM6_IRQHandler                        0x08001912   Section        0  stm32f10x_it.o(i.TIM6_IRQHandler)
    i.TIM7_IRQHandler                        0x08001914   Section        0  stm32f10x_it.o(i.TIM7_IRQHandler)
    i.TIM8_BRK_IRQHandler                    0x08001916   Section        0  stm32f10x_it.o(i.TIM8_BRK_IRQHandler)
    i.TIM8_CC_IRQHandler                     0x08001918   Section        0  stm32f10x_it.o(i.TIM8_CC_IRQHandler)
    i.TIM8_TRG_COM_IRQHandler                0x0800191a   Section        0  stm32f10x_it.o(i.TIM8_TRG_COM_IRQHandler)
    i.TIM8_UP_IRQHandler                     0x0800191c   Section        0  stm32f10x_it.o(i.TIM8_UP_IRQHandler)
    i.TIM_ClearITPendingBit                  0x0800191e   Section        0  stm32f10x_tim.o(i.TIM_ClearITPendingBit)
    i.TIM_Cmd                                0x08001924   Section        0  stm32f10x_tim.o(i.TIM_Cmd)
    i.TIM_OC1Init                            0x0800193c   Section        0  stm32f10x_tim.o(i.TIM_OC1Init)
    i.TIM_OC1PreloadConfig                   0x0800199c   Section        0  stm32f10x_tim.o(i.TIM_OC1PreloadConfig)
    i.TIM_OC2Init                            0x080019a8   Section        0  stm32f10x_tim.o(i.TIM_OC2Init)
    i.TIM_OC2PreloadConfig                   0x08001a24   Section        0  stm32f10x_tim.o(i.TIM_OC2PreloadConfig)
    i.TIM_TimeBaseInit                       0x08001a34   Section        0  stm32f10x_tim.o(i.TIM_TimeBaseInit)
    i.UART4_IRQHandler                       0x08001a70   Section        0  stm32f10x_it.o(i.UART4_IRQHandler)
    i.UART5_IRQHandler                       0x08001a72   Section        0  stm32f10x_it.o(i.UART5_IRQHandler)
    i.USART1_IRQHandler                      0x08001a74   Section        0  main.o(i.USART1_IRQHandler)
    i.USART2_IRQHandler                      0x08001ea0   Section        0  stm32f10x_it.o(i.USART2_IRQHandler)
    i.USART3_IRQHandler                      0x08001ea2   Section        0  stm32f10x_it.o(i.USART3_IRQHandler)
    i.USART_Cmd                              0x08001ea4   Section        0  stm32f10x_usart.o(i.USART_Cmd)
    i.USART_ITConfig                         0x08001eb8   Section        0  stm32f10x_usart.o(i.USART_ITConfig)
    i.USART_Init                             0x08001ee8   Section        0  stm32f10x_usart.o(i.USART_Init)
    i.USBWakeUp_IRQHandler                   0x08001f70   Section        0  stm32f10x_it.o(i.USBWakeUp_IRQHandler)
    i.USB_HP_CAN_TX_IRQHandler               0x08001f72   Section        0  stm32f10x_it.o(i.USB_HP_CAN_TX_IRQHandler)
    i.USB_LP_CAN_RX0_IRQHandler              0x08001f74   Section        0  stm32f10x_it.o(i.USB_LP_CAN_RX0_IRQHandler)
    i.UsageFaultException                    0x08001f76   Section        0  stm32f10x_it.o(i.UsageFaultException)
    i.WWDG_IRQHandler                        0x08001f7a   Section        0  stm32f10x_it.o(i.WWDG_IRQHandler)
    i.main                                   0x08001f7c   Section        0  main.o(i.main)
    x$fpl$dadd                               0x080025fc   Section      336  daddsub_clz.o(x$fpl$dadd)
    _dadd1                                   0x0800260d   Thumb Code     0  daddsub_clz.o(x$fpl$dadd)
    x$fpl$ddiv                               0x0800274c   Section      688  ddiv.o(x$fpl$ddiv)
    ddiv_entry                               0x08002753   Thumb Code     0  ddiv.o(x$fpl$ddiv)
    x$fpl$dfixu                              0x080029fc   Section       90  dfixu.o(x$fpl$dfixu)
    x$fpl$dflt                               0x08002a56   Section       46  dflt_clz.o(x$fpl$dflt)
    x$fpl$dnaninf                            0x08002a84   Section      156  dnaninf.o(x$fpl$dnaninf)
    x$fpl$dretinf                            0x08002b20   Section       12  dretinf.o(x$fpl$dretinf)
    x$fpl$dsub                               0x08002b2c   Section      468  daddsub_clz.o(x$fpl$dsub)
    _dsub1                                   0x08002b3d   Thumb Code     0  daddsub_clz.o(x$fpl$dsub)
    x$fpl$fpinit                             0x08002d00   Section       14  fpinit.o(x$fpl$fpinit)
    .constdata                               0x08002d0e   Section      512  crc.o(.constdata)
    x$fpl$usenofp                            0x08002d0e   Section        0  usenofp.o(x$fpl$usenofp)
    wCRCTable                                0x08002d0e   Data         512  crc.o(.constdata)
    .constdata                               0x08002f0e   Section       20  stm32f10x_rcc.o(.constdata)
    ADCPrescTable                            0x08002f0e   Data           4  stm32f10x_rcc.o(.constdata)
    APBAHBPrescTable                         0x08002f12   Data          16  stm32f10x_rcc.o(.constdata)
    .data                                    0x20000000   Section      140  main.o(.data)
    ch                                       0x20000074   Data           4  main.o(.data)
    .data                                    0x2000008c   Section       64  md5c.o(.data)
    PADDING                                  0x2000008c   Data          64  md5c.o(.data)
    .bss                                     0x200000cc   Section     1338  main.o(.bss)
    .bss                                     0x20000608   Section       96  libspace.o(.bss)
    HEAP                                     0x20000668   Section     1024  stm32f10x_vector.o(HEAP)
    Heap_Mem                                 0x20000668   Data        1024  stm32f10x_vector.o(HEAP)
    STACK                                    0x20000a68   Section     1024  stm32f10x_vector.o(STACK)
    Stack_Mem                                0x20000a68   Data        1024  stm32f10x_vector.o(STACK)
    __initial_sp                             0x20000e68   Data           0  stm32f10x_vector.o(STACK)

    Global Symbols

    Symbol Name                              Value     Ov Type        Size  Object(Section)

    BuildAttributes$$THM_ISAv4$P$D$K$B$S$PE$A:L22UL41UL21$X:L11$S22US41US21$IEEE1$IW$USESV6$~STKCKD$USESV7$~SHL$OSPACE$ROPI$EBA8$UX$STANDARDLIB$REQ8$PRES8$EABIv2 0x00000000   Number         0  anon$$obj.o ABSOLUTE
    __ARM_use_no_argv                        0x00000000   Number         0  main.o ABSOLUTE
    __ARM_exceptions_init                     - Undefined Weak Reference
    __alloca_initialize                       - Undefined Weak Reference
    __cpp_initialize__aeabi_                  - Undefined Weak Reference
    __cxa_finalize                            - Undefined Weak Reference
    __rt_locale                               - Undefined Weak Reference
    __sigvec_lookup                           - Undefined Weak Reference
    _atexit_init                              - Undefined Weak Reference
    _call_atexit_fns                          - Undefined Weak Reference
    _clock_init                               - Undefined Weak Reference
    _fp_trap_init                             - Undefined Weak Reference
    _fp_trap_shutdown                         - Undefined Weak Reference
    _get_lc_collate                           - Undefined Weak Reference
    _get_lc_ctype                             - Undefined Weak Reference
    _get_lc_monetary                          - Undefined Weak Reference
    _get_lc_numeric                           - Undefined Weak Reference
    _get_lc_time                              - Undefined Weak Reference
    _getenv_init                              - Undefined Weak Reference
    _handle_redirection                       - Undefined Weak Reference
    _init_alloc                               - Undefined Weak Reference
    _init_user_alloc                          - Undefined Weak Reference
    _initio                                   - Undefined Weak Reference
    _rand_init                                - Undefined Weak Reference
    _signal_finish                            - Undefined Weak Reference
    _signal_init                              - Undefined Weak Reference
    _terminate_alloc                          - Undefined Weak Reference
    _terminate_user_alloc                     - Undefined Weak Reference
    _terminateio                              - Undefined Weak Reference
    __Vectors                                0x08000000   Data           4  stm32f10x_vector.o(RESET)
    __main                                   0x08000131   Thumb Code     8  __main.o(!!!main)
    __scatterload                            0x08000139   Thumb Code     0  __scatter.o(!!!scatter)
    __scatterload_rt2                        0x08000139   Thumb Code    44  __scatter.o(!!!scatter)
    __scatterload_rt2_thumb_only             0x08000139   Thumb Code     0  __scatter.o(!!!scatter)
    __scatterload_null                       0x08000147   Thumb Code     0  __scatter.o(!!!scatter)
    __scatterload_copy                       0x0800016d   Thumb Code    26  __scatter_copy.o(!!handler_copy)
    __scatterload_zeroinit                   0x08000189   Thumb Code    28  __scatter_zi.o(!!handler_zi)
    __rt_lib_init                            0x080001a5   Thumb Code     0  libinit.o(.ARM.Collect$$libinit$$00000000)
    __rt_lib_init_alloca_1                   0x080001ab   Thumb Code     0  libinit2.o(.ARM.Collect$$libinit$$0000002A)
    __rt_lib_init_argv_1                     0x080001ab   Thumb Code     0  libinit2.o(.ARM.Collect$$libinit$$00000028)
    __rt_lib_init_atexit_1                   0x080001ab   Thumb Code     0  libinit2.o(.ARM.Collect$$libinit$$00000017)
    __rt_lib_init_clock_1                    0x080001ab   Thumb Code     0  libinit2.o(.ARM.Collect$$libinit$$0000001D)
    __rt_lib_init_cpp_1                      0x080001ab   Thumb Code     0  libinit2.o(.ARM.Collect$$libinit$$0000002E)
    __rt_lib_init_exceptions_1               0x080001ab   Thumb Code     0  libinit2.o(.ARM.Collect$$libinit$$0000002C)
    __rt_lib_init_fp_trap_1                  0x080001ab   Thumb Code     0  libinit2.o(.ARM.Collect$$libinit$$0000001B)
    __rt_lib_init_getenv_1                   0x080001ab   Thumb Code     0  libinit2.o(.ARM.Collect$$libinit$$0000001F)
    __rt_lib_init_heap_1                     0x080001ab   Thumb Code     0  libinit2.o(.ARM.Collect$$libinit$$00000006)
    __rt_lib_init_lc_collate_1               0x080001ab   Thumb Code     0  libinit2.o(.ARM.Collect$$libinit$$0000000D)
    __rt_lib_init_lc_ctype_1                 0x080001ab   Thumb Code     0  libinit2.o(.ARM.Collect$$libinit$$0000000F)
    __rt_lib_init_lc_monetary_1              0x080001ab   Thumb Code     0  libinit2.o(.ARM.Collect$$libinit$$00000011)
    __rt_lib_init_lc_numeric_1               0x080001ab   Thumb Code     0  libinit2.o(.ARM.Collect$$libinit$$00000013)
    __rt_lib_init_lc_time_1                  0x080001ab   Thumb Code     0  libinit2.o(.ARM.Collect$$libinit$$00000015)
    __rt_lib_init_rand_1                     0x080001ab   Thumb Code     0  libinit2.o(.ARM.Collect$$libinit$$0000000A)
    __rt_lib_init_return                     0x080001ab   Thumb Code     0  libinit2.o(.ARM.Collect$$libinit$$0000002F)
    __rt_lib_init_signal_1                   0x080001ab   Thumb Code     0  libinit2.o(.ARM.Collect$$libinit$$00000019)
    __rt_lib_init_stdio_1                    0x080001ab   Thumb Code     0  libinit2.o(.ARM.Collect$$libinit$$00000021)
    __rt_lib_init_user_alloc_1               0x080001ab   Thumb Code     0  libinit2.o(.ARM.Collect$$libinit$$00000008)
    __rt_lib_shutdown                        0x080001ad   Thumb Code     0  libshutdown.o(.ARM.Collect$$libshutdown$$00000000)
    __rt_lib_shutdown_fp_trap_1              0x080001af   Thumb Code     0  libshutdown2.o(.ARM.Collect$$libshutdown$$00000006)
    __rt_lib_shutdown_heap_1                 0x080001af   Thumb Code     0  libshutdown2.o(.ARM.Collect$$libshutdown$$0000000E)
    __rt_lib_shutdown_return                 0x080001af   Thumb Code     0  libshutdown2.o(.ARM.Collect$$libshutdown$$0000000F)
    __rt_lib_shutdown_signal_1               0x080001af   Thumb Code     0  libshutdown2.o(.ARM.Collect$$libshutdown$$00000009)
    __rt_lib_shutdown_stdio_1                0x080001af   Thumb Code     0  libshutdown2.o(.ARM.Collect$$libshutdown$$00000003)
    __rt_lib_shutdown_user_alloc_1           0x080001af   Thumb Code     0  libshutdown2.o(.ARM.Collect$$libshutdown$$0000000B)
    __rt_entry                               0x080001b1   Thumb Code     0  rtentry.o(.ARM.Collect$$rtentry$$00000000)
    __rt_entry_presh_1                       0x080001b1   Thumb Code     0  rtentry2.o(.ARM.Collect$$rtentry$$00000002)
    __rt_entry_sh                            0x080001b1   Thumb Code     0  rtentry4.o(.ARM.Collect$$rtentry$$00000004)
    __rt_entry_li                            0x080001b7   Thumb Code     0  rtentry2.o(.ARM.Collect$$rtentry$$0000000A)
    __rt_entry_postsh_1                      0x080001b7   Thumb Code     0  rtentry2.o(.ARM.Collect$$rtentry$$00000009)
    __rt_entry_main                          0x080001bb   Thumb Code     0  rtentry2.o(.ARM.Collect$$rtentry$$0000000D)
    __rt_entry_postli_1                      0x080001bb   Thumb Code     0  rtentry2.o(.ARM.Collect$$rtentry$$0000000C)
    __rt_exit                                0x080001c3   Thumb Code     0  rtexit.o(.ARM.Collect$$rtexit$$00000000)
    __rt_exit_ls                             0x080001c5   Thumb Code     0  rtexit2.o(.ARM.Collect$$rtexit$$00000003)
    __rt_exit_prels_1                        0x080001c5   Thumb Code     0  rtexit2.o(.ARM.Collect$$rtexit$$00000002)
    __rt_exit_exit                           0x080001c9   Thumb Code     0  rtexit2.o(.ARM.Collect$$rtexit$$00000004)
    Reset_Handler                            0x080001d1   Thumb Code     4  stm32f10x_vector.o(.text)
    __user_initial_stackheap                 0x080001d5   Thumb Code     0  stm32f10x_vector.o(.text)
    __aeabi_memcpy                           0x080001f5   Thumb Code     0  rt_memcpy_v6.o(.text)
    __rt_memcpy                              0x080001f5   Thumb Code   138  rt_memcpy_v6.o(.text)
    _memcpy_lastbytes                        0x0800025b   Thumb Code     0  rt_memcpy_v6.o(.text)
    __aeabi_memclr4                          0x0800027f   Thumb Code     0  rt_memclr_w.o(.text)
    __aeabi_memclr8                          0x0800027f   Thumb Code     0  rt_memclr_w.o(.text)
    __rt_memclr_w                            0x0800027f   Thumb Code    78  rt_memclr_w.o(.text)
    _memset_w                                0x08000283   Thumb Code     0  rt_memclr_w.o(.text)
    __use_two_region_memory                  0x080002cd   Thumb Code     2  heapauxi.o(.text)
    __rt_heap_escrow$2region                 0x080002cf   Thumb Code     2  heapauxi.o(.text)
    __rt_heap_expand$2region                 0x080002d1   Thumb Code     2  heapauxi.o(.text)
    __aeabi_memcpy4                          0x080002d3   Thumb Code     0  rt_memcpy_w.o(.text)
    __aeabi_memcpy8                          0x080002d3   Thumb Code     0  rt_memcpy_w.o(.text)
    __rt_memcpy_w                            0x080002d3   Thumb Code   100  rt_memcpy_w.o(.text)
    _memcpy_lastbytes_aligned                0x0800031b   Thumb Code     0  rt_memcpy_w.o(.text)
    __user_setup_stackheap                   0x08000337   Thumb Code    74  sys_stackheap_outer.o(.text)
    exit                                     0x08000381   Thumb Code    12  exit.o(.text)
    __user_libspace                          0x0800038d   Thumb Code     8  libspace.o(.text)
    __user_perproc_libspace                  0x0800038d   Thumb Code     0  libspace.o(.text)
    __user_perthread_libspace                0x0800038d   Thumb Code     0  libspace.o(.text)
    __rt_fp_status_addr                      0x08000395   Thumb Code     8  rt_fp_status_addr_intlibspace.o(.text)
    _sys_exit                                0x0800039d   Thumb Code     8  sys_exit.o(.text)
    __I$use$semihosting                      0x080003a9   Thumb Code     0  use_no_semi.o(.text)
    __use_no_semihosting_swi                 0x080003a9   Thumb Code     2  use_no_semi.o(.text)
    ADC1_2_IRQHandler                        0x080003ab   Thumb Code     2  stm32f10x_it.o(i.ADC1_2_IRQHandler)
    __semihosting_library_function           0x080003ab   Thumb Code     0  indicate_semi.o(.text)
    ADC3_IRQHandler                          0x080003ad   Thumb Code     2  stm32f10x_it.o(i.ADC3_IRQHandler)
    ADC_Cmd                                  0x080003af   Thumb Code    20  stm32f10x_adc.o(i.ADC_Cmd)
    ADC_GetCalibrationStatus                 0x080003c3   Thumb Code    14  stm32f10x_adc.o(i.ADC_GetCalibrationStatus)
    ADC_GetConversionValue                   0x080003d1   Thumb Code     6  stm32f10x_adc.o(i.ADC_GetConversionValue)
    ADC_GetResetCalibrationStatus            0x080003d7   Thumb Code    14  stm32f10x_adc.o(i.ADC_GetResetCalibrationStatus)
    ADC_Init                                 0x080003e5   Thumb Code    62  stm32f10x_adc.o(i.ADC_Init)
    ADC_RegularChannelConfig                 0x0800042d   Thumb Code   116  stm32f10x_adc.o(i.ADC_RegularChannelConfig)
    ADC_ResetCalibration                     0x080004a1   Thumb Code    10  stm32f10x_adc.o(i.ADC_ResetCalibration)
    ADC_SoftwareStartConvCmd                 0x080004ab   Thumb Code    20  stm32f10x_adc.o(i.ADC_SoftwareStartConvCmd)
    ADC_StartCalibration                     0x080004bf   Thumb Code    10  stm32f10x_adc.o(i.ADC_StartCalibration)
    BusFaultException                        0x080004c9   Thumb Code     4  stm32f10x_it.o(i.BusFaultException)
    CAN_RX1_IRQHandler                       0x080004cd   Thumb Code     2  stm32f10x_it.o(i.CAN_RX1_IRQHandler)
    CAN_SCE_IRQHandler                       0x080004cf   Thumb Code     2  stm32f10x_it.o(i.CAN_SCE_IRQHandler)
    CRC16                                    0x080004d1   Thumb Code    42  crc.o(i.CRC16)
    DMA1_Channel1_IRQHandler                 0x08000501   Thumb Code     2  stm32f10x_it.o(i.DMA1_Channel1_IRQHandler)
    DMA1_Channel2_IRQHandler                 0x08000503   Thumb Code     2  stm32f10x_it.o(i.DMA1_Channel2_IRQHandler)
    DMA1_Channel3_IRQHandler                 0x08000505   Thumb Code     2  stm32f10x_it.o(i.DMA1_Channel3_IRQHandler)
    DMA1_Channel4_IRQHandler                 0x08000507   Thumb Code     2  stm32f10x_it.o(i.DMA1_Channel4_IRQHandler)
    DMA1_Channel5_IRQHandler                 0x08000509   Thumb Code     2  stm32f10x_it.o(i.DMA1_Channel5_IRQHandler)
    DMA1_Channel6_IRQHandler                 0x0800050b   Thumb Code     2  stm32f10x_it.o(i.DMA1_Channel6_IRQHandler)
    DMA1_Channel7_IRQHandler                 0x0800050d   Thumb Code     2  stm32f10x_it.o(i.DMA1_Channel7_IRQHandler)
    DMA2_Channel1_IRQHandler                 0x0800050f   Thumb Code     2  stm32f10x_it.o(i.DMA2_Channel1_IRQHandler)
    DMA2_Channel2_IRQHandler                 0x08000511   Thumb Code     2  stm32f10x_it.o(i.DMA2_Channel2_IRQHandler)
    DMA2_Channel3_IRQHandler                 0x08000513   Thumb Code     2  stm32f10x_it.o(i.DMA2_Channel3_IRQHandler)
    DMA2_Channel4_5_IRQHandler               0x08000515   Thumb Code     2  stm32f10x_it.o(i.DMA2_Channel4_5_IRQHandler)
    DebugMonitor                             0x08000517   Thumb Code     2  stm32f10x_it.o(i.DebugMonitor)
    EXTI0_IRQHandler                         0x0800054b   Thumb Code     2  stm32f10x_it.o(i.EXTI0_IRQHandler)
    EXTI15_10_IRQHandler                     0x0800054d   Thumb Code     2  stm32f10x_it.o(i.EXTI15_10_IRQHandler)
    EXTI1_IRQHandler                         0x0800054f   Thumb Code     2  stm32f10x_it.o(i.EXTI1_IRQHandler)
    EXTI2_IRQHandler                         0x08000551   Thumb Code     2  stm32f10x_it.o(i.EXTI2_IRQHandler)
    EXTI3_IRQHandler                         0x08000553   Thumb Code     2  stm32f10x_it.o(i.EXTI3_IRQHandler)
    EXTI4_IRQHandler                         0x08000555   Thumb Code     2  stm32f10x_it.o(i.EXTI4_IRQHandler)
    EXTI9_5_IRQHandler                       0x08000557   Thumb Code     2  stm32f10x_it.o(i.EXTI9_5_IRQHandler)
    FLASH_ClearFlag                          0x08000599   Thumb Code     6  stm32f10x_flash.o(i.FLASH_ClearFlag)
    FLASH_ErasePage                          0x080005a5   Thumb Code    60  stm32f10x_flash.o(i.FLASH_ErasePage)
    FLASH_GetStatus                          0x080005e5   Thumb Code    34  stm32f10x_flash.o(i.FLASH_GetStatus)
    FLASH_IRQHandler                         0x0800060d   Thumb Code     2  stm32f10x_it.o(i.FLASH_IRQHandler)
    FLASH_PrefetchBufferCmd                  0x08000611   Thumb Code    18  stm32f10x_flash.o(i.FLASH_PrefetchBufferCmd)
    FLASH_ProgramWord                        0x08000629   Thumb Code    64  stm32f10x_flash.o(i.FLASH_ProgramWord)
    FLASH_SetLatency                         0x0800066d   Thumb Code    18  stm32f10x_flash.o(i.FLASH_SetLatency)
    FLASH_Unlock                             0x08000685   Thumb Code    12  stm32f10x_flash.o(i.FLASH_Unlock)
    FLASH_WaitForLastOperation               0x0800069d   Thumb Code    40  stm32f10x_flash.o(i.FLASH_WaitForLastOperation)
    FSMC_IRQHandler                          0x080006c5   Thumb Code     2  stm32f10x_it.o(i.FSMC_IRQHandler)
    FlashRestore                             0x080006c9   Thumb Code   138  main.o(i.FlashRestore)
    FlashStore                               0x08000769   Thumb Code   302  main.o(i.FlashStore)
    GPIO_Init                                0x080008bd   Thumb Code   160  stm32f10x_gpio.o(i.GPIO_Init)
    GPIO_ResetBits                           0x0800095d   Thumb Code     4  stm32f10x_gpio.o(i.GPIO_ResetBits)
    GPIO_SetBits                             0x08000961   Thumb Code     4  stm32f10x_gpio.o(i.GPIO_SetBits)
    HardFaultException                       0x08000965   Thumb Code     4  stm32f10x_it.o(i.HardFaultException)
    I2C1_ER_IRQHandler                       0x08000969   Thumb Code     2  stm32f10x_it.o(i.I2C1_ER_IRQHandler)
    I2C1_EV_IRQHandler                       0x0800096b   Thumb Code     2  stm32f10x_it.o(i.I2C1_EV_IRQHandler)
    I2C2_ER_IRQHandler                       0x0800096d   Thumb Code     2  stm32f10x_it.o(i.I2C2_ER_IRQHandler)
    I2C2_EV_IRQHandler                       0x0800096f   Thumb Code     2  stm32f10x_it.o(i.I2C2_EV_IRQHandler)
    MD5Final                                 0x08000971   Thumb Code    84  md5c.o(i.MD5Final)
    MD5Init                                  0x080009c9   Thumb Code    28  md5c.o(i.MD5Init)
    MD5Update                                0x080011c9   Thumb Code   132  md5c.o(i.MD5Update)
    MemManageException                       0x0800124d   Thumb Code     4  stm32f10x_it.o(i.MemManageException)
    NMIException                             0x08001251   Thumb Code     2  stm32f10x_it.o(i.NMIException)
    NVIC_Configuration                       0x08001253   Thumb Code    70  main.o(i.NVIC_Configuration)
    NVIC_Init                                0x08001299   Thumb Code   116  stm32f10x_nvic.o(i.NVIC_Init)
    NVIC_SetVectorTable                      0x0800130d   Thumb Code    12  stm32f10x_nvic.o(i.NVIC_SetVectorTable)
    PVD_IRQHandler                           0x08001321   Thumb Code     2  stm32f10x_it.o(i.PVD_IRQHandler)
    PendSVC                                  0x08001323   Thumb Code     2  stm32f10x_it.o(i.PendSVC)
    RCC_ADCCLKConfig                         0x08001325   Thumb Code    14  stm32f10x_rcc.o(i.RCC_ADCCLKConfig)
    RCC_APB1PeriphClockCmd                   0x08001339   Thumb Code    18  stm32f10x_rcc.o(i.RCC_APB1PeriphClockCmd)
    RCC_APB2PeriphClockCmd                   0x08001351   Thumb Code    18  stm32f10x_rcc.o(i.RCC_APB2PeriphClockCmd)
    RCC_Configuration                        0x08001369   Thumb Code    92  main.o(i.RCC_Configuration)
    RCC_DeInit                               0x080013c5   Thumb Code    48  stm32f10x_rcc.o(i.RCC_DeInit)
    RCC_GetClocksFreq                        0x08001401   Thumb Code   132  stm32f10x_rcc.o(i.RCC_GetClocksFreq)
    RCC_GetFlagStatus                        0x08001495   Thumb Code    42  stm32f10x_rcc.o(i.RCC_GetFlagStatus)
    RCC_GetSYSCLKSource                      0x080014c5   Thumb Code    10  stm32f10x_rcc.o(i.RCC_GetSYSCLKSource)
    RCC_HCLKConfig                           0x080014d5   Thumb Code    14  stm32f10x_rcc.o(i.RCC_HCLKConfig)
    RCC_IRQHandler                           0x080014e9   Thumb Code     2  stm32f10x_it.o(i.RCC_IRQHandler)
    RCC_PCLK1Config                          0x080014ed   Thumb Code    14  stm32f10x_rcc.o(i.RCC_PCLK1Config)
    RCC_PCLK2Config                          0x08001501   Thumb Code    16  stm32f10x_rcc.o(i.RCC_PCLK2Config)
    RCC_PLLCmd                               0x08001515   Thumb Code     6  stm32f10x_rcc.o(i.RCC_PLLCmd)
    RCC_PLLConfig                            0x08001521   Thumb Code    16  stm32f10x_rcc.o(i.RCC_PLLConfig)
    RCC_SYSCLKConfig                         0x08001535   Thumb Code    14  stm32f10x_rcc.o(i.RCC_SYSCLKConfig)
    RTCAlarm_IRQHandler                      0x08001549   Thumb Code     2  stm32f10x_it.o(i.RTCAlarm_IRQHandler)
    RTC_IRQHandler                           0x0800154b   Thumb Code     2  stm32f10x_it.o(i.RTC_IRQHandler)
    SDIO_IRQHandler                          0x0800154d   Thumb Code     2  stm32f10x_it.o(i.SDIO_IRQHandler)
    SPI1_IRQHandler                          0x0800154f   Thumb Code     2  stm32f10x_it.o(i.SPI1_IRQHandler)
    SPI2_IRQHandler                          0x08001551   Thumb Code     2  stm32f10x_it.o(i.SPI2_IRQHandler)
    SPI3_IRQHandler                          0x08001553   Thumb Code     2  stm32f10x_it.o(i.SPI3_IRQHandler)
    SVCHandler                               0x08001555   Thumb Code     2  stm32f10x_it.o(i.SVCHandler)
    SysTickHandler                           0x08001557   Thumb Code     2  stm32f10x_it.o(i.SysTickHandler)
    TAMPER_IRQHandler                        0x08001559   Thumb Code     2  stm32f10x_it.o(i.TAMPER_IRQHandler)
    TIM1_BRK_IRQHandler                      0x0800155b   Thumb Code     2  stm32f10x_it.o(i.TIM1_BRK_IRQHandler)
    TIM1_CC_IRQHandler                       0x0800155d   Thumb Code     2  stm32f10x_it.o(i.TIM1_CC_IRQHandler)
    TIM1_TRG_COM_IRQHandler                  0x0800155f   Thumb Code     2  stm32f10x_it.o(i.TIM1_TRG_COM_IRQHandler)
    TIM1_UP_IRQHandler                       0x08001561   Thumb Code     2  stm32f10x_it.o(i.TIM1_UP_IRQHandler)
    TIM2_IRQHandler                          0x08001565   Thumb Code   844  main.o(i.TIM2_IRQHandler)
    TIM3_IRQHandler                          0x0800190d   Thumb Code     2  stm32f10x_it.o(i.TIM3_IRQHandler)
    TIM4_IRQHandler                          0x0800190f   Thumb Code     2  stm32f10x_it.o(i.TIM4_IRQHandler)
    TIM5_IRQHandler                          0x08001911   Thumb Code     2  stm32f10x_it.o(i.TIM5_IRQHandler)
    TIM6_IRQHandler                          0x08001913   Thumb Code     2  stm32f10x_it.o(i.TIM6_IRQHandler)
    TIM7_IRQHandler                          0x08001915   Thumb Code     2  stm32f10x_it.o(i.TIM7_IRQHandler)
    TIM8_BRK_IRQHandler                      0x08001917   Thumb Code     2  stm32f10x_it.o(i.TIM8_BRK_IRQHandler)
    TIM8_CC_IRQHandler                       0x08001919   Thumb Code     2  stm32f10x_it.o(i.TIM8_CC_IRQHandler)
    TIM8_TRG_COM_IRQHandler                  0x0800191b   Thumb Code     2  stm32f10x_it.o(i.TIM8_TRG_COM_IRQHandler)
    TIM8_UP_IRQHandler                       0x0800191d   Thumb Code     2  stm32f10x_it.o(i.TIM8_UP_IRQHandler)
    TIM_ClearITPendingBit                    0x0800191f   Thumb Code     6  stm32f10x_tim.o(i.TIM_ClearITPendingBit)
    TIM_Cmd                                  0x08001925   Thumb Code    22  stm32f10x_tim.o(i.TIM_Cmd)
    TIM_OC1Init                              0x0800193d   Thumb Code    88  stm32f10x_tim.o(i.TIM_OC1Init)
    TIM_OC1PreloadConfig                     0x0800199d   Thumb Code    12  stm32f10x_tim.o(i.TIM_OC1PreloadConfig)
    TIM_OC2Init                              0x080019a9   Thumb Code   116  stm32f10x_tim.o(i.TIM_OC2Init)
    TIM_OC2PreloadConfig                     0x08001a25   Thumb Code    14  stm32f10x_tim.o(i.TIM_OC2PreloadConfig)
    TIM_TimeBaseInit                         0x08001a35   Thumb Code    52  stm32f10x_tim.o(i.TIM_TimeBaseInit)
    UART4_IRQHandler                         0x08001a71   Thumb Code     2  stm32f10x_it.o(i.UART4_IRQHandler)
    UART5_IRQHandler                         0x08001a73   Thumb Code     2  stm32f10x_it.o(i.UART5_IRQHandler)
    USART1_IRQHandler                        0x08001a75   Thumb Code  1068  main.o(i.USART1_IRQHandler)
    USART2_IRQHandler                        0x08001ea1   Thumb Code     2  stm32f10x_it.o(i.USART2_IRQHandler)
    USART3_IRQHandler                        0x08001ea3   Thumb Code     2  stm32f10x_it.o(i.USART3_IRQHandler)
    USART_Cmd                                0x08001ea5   Thumb Code    20  stm32f10x_usart.o(i.USART_Cmd)
    USART_ITConfig                           0x08001eb9   Thumb Code    48  stm32f10x_usart.o(i.USART_ITConfig)
    USART_Init                               0x08001ee9   Thumb Code   130  stm32f10x_usart.o(i.USART_Init)
    USBWakeUp_IRQHandler                     0x08001f71   Thumb Code     2  stm32f10x_it.o(i.USBWakeUp_IRQHandler)
    USB_HP_CAN_TX_IRQHandler                 0x08001f73   Thumb Code     2  stm32f10x_it.o(i.USB_HP_CAN_TX_IRQHandler)
    USB_LP_CAN_RX0_IRQHandler                0x08001f75   Thumb Code     2  stm32f10x_it.o(i.USB_LP_CAN_RX0_IRQHandler)
    UsageFaultException                      0x08001f77   Thumb Code     4  stm32f10x_it.o(i.UsageFaultException)
    WWDG_IRQHandler                          0x08001f7b   Thumb Code     2  stm32f10x_it.o(i.WWDG_IRQHandler)
    main                                     0x08001f7d   Thumb Code  1634  main.o(i.main)
    __aeabi_dadd                             0x080025fd   Thumb Code     0  daddsub_clz.o(x$fpl$dadd)
    _dadd                                    0x080025fd   Thumb Code   332  daddsub_clz.o(x$fpl$dadd)
    __aeabi_ddiv                             0x0800274d   Thumb Code     0  ddiv.o(x$fpl$ddiv)
    _ddiv                                    0x0800274d   Thumb Code   552  ddiv.o(x$fpl$ddiv)
    __aeabi_d2uiz                            0x080029fd   Thumb Code     0  dfixu.o(x$fpl$dfixu)
    _dfixu                                   0x080029fd   Thumb Code    90  dfixu.o(x$fpl$dfixu)
    __aeabi_i2d                              0x08002a57   Thumb Code     0  dflt_clz.o(x$fpl$dflt)
    _dflt                                    0x08002a57   Thumb Code    46  dflt_clz.o(x$fpl$dflt)
    __fpl_dnaninf                            0x08002a85   Thumb Code   156  dnaninf.o(x$fpl$dnaninf)
    __fpl_dretinf                            0x08002b21   Thumb Code    12  dretinf.o(x$fpl$dretinf)
    __aeabi_dsub                             0x08002b2d   Thumb Code     0  daddsub_clz.o(x$fpl$dsub)
    _dsub                                    0x08002b2d   Thumb Code   464  daddsub_clz.o(x$fpl$dsub)
    _fp_init                                 0x08002d01   Thumb Code    14  fpinit.o(x$fpl$fpinit)
    __fplib_config_pureend_doubles           0x08002d0d   Thumb Code     0  fpinit.o(x$fpl$fpinit)
    __I$use$fp                               0x08002d0f   Thumb Code     0  usenofp.o(x$fpl$usenofp)
    Region$$Table$$Base                      0x08002f24   Number         0  anon$$obj.o(Region$$Table)
    Region$$Table$$Limit                     0x08002f44   Number         0  anon$$obj.o(Region$$Table)
    init                                     0x20000000   Data           1  main.o(.data)
    mb_sl_bytecount                          0x20000004   Data           4  main.o(.data)
    mb_sl_timer                              0x20000008   Data           4  main.o(.data)
    mb_sl_datasize                           0x2000000c   Data           4  main.o(.data)
    mb_sl_mode                               0x20000010   Data           1  main.o(.data)
    uart_free                                0x20000011   Data           1  main.o(.data)
    flash_write                              0x20000012   Data           1  main.o(.data)
    check4flash_write                        0x20000013   Data           1  main.o(.data)
    work_enable                              0x20000014   Data           1  main.o(.data)
    triac_on                                 0x20000015   Data           1  main.o(.data)
    triac_on_prev                            0x20000016   Data           1  main.o(.data)
    Tset_in_flag                             0x20000017   Data           1  main.o(.data)
    Tallow_Tset_update                       0x20000018   Data           1  main.o(.data)
    Tdiff_zone                               0x20000019   Data           1  main.o(.data)
    Tdiff_zone_prev                          0x2000001a   Data           1  main.o(.data)
    mb_sl_timeout                            0x2000001c   Data           4  main.o(.data)
    mb_read_flag                             0x20000020   Data           4  main.o(.data)
    UNIQUE_ID1                               0x20000024   Data           4  main.o(.data)
    UNIQUE_ID2                               0x20000028   Data           4  main.o(.data)
    PARAMS_BUF                               0x2000002c   Data           4  main.o(.data)
    FLASH_PARAMS_BUF                         0x20000030   Data           4  main.o(.data)
    Flash_Params                             0x20000034   Data           4  main.o(.data)
    EraseCounter                             0x20000038   Data           4  main.o(.data)
    Address                                  0x2000003c   Data           4  main.o(.data)
    NbrOfPage                                0x20000040   Data           4  main.o(.data)
    BUF1                                     0x20000044   Data           4  main.o(.data)
    BUF2                                     0x20000048   Data           4  main.o(.data)
    adc_channel                              0x2000004c   Data           4  main.o(.data)
    Pos_Value_int                            0x20000050   Data           4  main.o(.data)
    Neg_Value_int                            0x20000054   Data           4  main.o(.data)
    Ehv_Value_int                            0x20000058   Data           4  main.o(.data)
    Eass_Value_int                           0x2000005c   Data           4  main.o(.data)
    Temp_Value_int                           0x20000060   Data           4  main.o(.data)
    Dev_ID                                   0x20000064   Data           4  main.o(.data)
    ready_timer                              0x20000068   Data           4  main.o(.data)
    CCR1_Val                                 0x2000006c   Data           2  main.o(.data)
    CCR2_Val                                 0x2000006e   Data           2  main.o(.data)
    CCR3_Val                                 0x20000070   Data           2  main.o(.data)
    CCR4_Val                                 0x20000072   Data           2  main.o(.data)
    mb_addr                                  0x20000078   Data           4  main.o(.data)
    Data                                     0x2000007c   Data           4  main.o(.data)
    FLASHStatus                              0x20000080   Data           1  main.o(.data)
    MemoryProgramStatus                      0x20000081   Data           1  main.o(.data)
    HSEStartUpStatus                         0x20000082   Data           1  main.o(.data)
    in_byte                                  0x20000083   Data           1  main.o(.data)
    GPIO_InitStructure                       0x20000084   Data           4  main.o(.data)
    i                                        0x20000088   Data           4  main.o(.data)
    mb_slave_buf                             0x200000cc   Data        1024  main.o(.bss)
    mb_input_params                          0x200004cc   Data         130  main.o(.bss)
    Params                                   0x2000054e   Data         120  main.o(.bss)
    USART_InitStructure                      0x200005c8   Data          16  main.o(.bss)
    ADC_InitStructure                        0x200005d8   Data          20  main.o(.bss)
    TIM_TimeBaseStructure                    0x200005ec   Data          10  main.o(.bss)
    TIM_OCInitStructure                      0x200005f6   Data          16  main.o(.bss)
    __libspace_start                         0x20000608   Data          96  libspace.o(.bss)
    __temporary_stack_top$libspace           0x20000668   Data           0  libspace.o(.bss)



==============================================================================

Memory Map of the image

  Image Entry point : 0x08000131

  Load Region LR_IROM1 (Base: 0x08000000, Size: 0x00003010, Max: 0x00004000, ABSOLUTE)

    Execution Region ER_IROM1 (Base: 0x08000000, Size: 0x00002f44, Max: 0x00004000, ABSOLUTE)

    Base Addr    Size         Type   Attr      Idx    E Section Name        Object

    0x08000000   0x00000130   Data   RO          601    RESET               stm32f10x_vector.o
    0x08000130   0x00000008   Code   RO         2218  * !!!main             c_w.l(__main.o)
    0x08000138   0x00000034   Code   RO         2402    !!!scatter          c_w.l(__scatter.o)
    0x0800016c   0x0000001a   Code   RO         2404    !!handler_copy      c_w.l(__scatter_copy.o)
    0x08000186   0x00000002   PAD
    0x08000188   0x0000001c   Code   RO         2406    !!handler_zi        c_w.l(__scatter_zi.o)
    0x080001a4   0x00000006   Code   RO         2272    .ARM.Collect$$libinit$$00000000  c_w.l(libinit.o)
    0x080001aa   0x00000000   Code   RO         2280    .ARM.Collect$$libinit$$00000006  c_w.l(libinit2.o)
    0x080001aa   0x00000000   Code   RO         2282    .ARM.Collect$$libinit$$00000008  c_w.l(libinit2.o)
    0x080001aa   0x00000000   Code   RO         2284    .ARM.Collect$$libinit$$0000000A  c_w.l(libinit2.o)
    0x080001aa   0x00000000   Code   RO         2287    .ARM.Collect$$libinit$$0000000D  c_w.l(libinit2.o)
    0x080001aa   0x00000000   Code   RO         2289    .ARM.Collect$$libinit$$0000000F  c_w.l(libinit2.o)
    0x080001aa   0x00000000   Code   RO         2291    .ARM.Collect$$libinit$$00000011  c_w.l(libinit2.o)
    0x080001aa   0x00000000   Code   RO         2293    .ARM.Collect$$libinit$$00000013  c_w.l(libinit2.o)
    0x080001aa   0x00000000   Code   RO         2295    .ARM.Collect$$libinit$$00000015  c_w.l(libinit2.o)
    0x080001aa   0x00000000   Code   RO         2297    .ARM.Collect$$libinit$$00000017  c_w.l(libinit2.o)
    0x080001aa   0x00000000   Code   RO         2299    .ARM.Collect$$libinit$$00000019  c_w.l(libinit2.o)
    0x080001aa   0x00000000   Code   RO         2301    .ARM.Collect$$libinit$$0000001B  c_w.l(libinit2.o)
    0x080001aa   0x00000000   Code   RO         2303    .ARM.Collect$$libinit$$0000001D  c_w.l(libinit2.o)
    0x080001aa   0x00000000   Code   RO         2305    .ARM.Collect$$libinit$$0000001F  c_w.l(libinit2.o)
    0x080001aa   0x00000000   Code   RO         2307    .ARM.Collect$$libinit$$00000021  c_w.l(libinit2.o)
    0x080001aa   0x00000000   Code   RO         2311    .ARM.Collect$$libinit$$00000028  c_w.l(libinit2.o)
    0x080001aa   0x00000000   Code   RO         2313    .ARM.Collect$$libinit$$0000002A  c_w.l(libinit2.o)
    0x080001aa   0x00000000   Code   RO         2315    .ARM.Collect$$libinit$$0000002C  c_w.l(libinit2.o)
    0x080001aa   0x00000000   Code   RO         2317    .ARM.Collect$$libinit$$0000002E  c_w.l(libinit2.o)
    0x080001aa   0x00000002   Code   RO         2318    .ARM.Collect$$libinit$$0000002F  c_w.l(libinit2.o)
    0x080001ac   0x00000002   Code   RO         2343    .ARM.Collect$$libshutdown$$00000000  c_w.l(libshutdown.o)
    0x080001ae   0x00000000   Code   RO         2357    .ARM.Collect$$libshutdown$$00000003  c_w.l(libshutdown2.o)
    0x080001ae   0x00000000   Code   RO         2360    .ARM.Collect$$libshutdown$$00000006  c_w.l(libshutdown2.o)
    0x080001ae   0x00000000   Code   RO         2363    .ARM.Collect$$libshutdown$$00000009  c_w.l(libshutdown2.o)
    0x080001ae   0x00000000   Code   RO         2365    .ARM.Collect$$libshutdown$$0000000B  c_w.l(libshutdown2.o)
    0x080001ae   0x00000000   Code   RO         2368    .ARM.Collect$$libshutdown$$0000000E  c_w.l(libshutdown2.o)
    0x080001ae   0x00000002   Code   RO         2369    .ARM.Collect$$libshutdown$$0000000F  c_w.l(libshutdown2.o)
    0x080001b0   0x00000000   Code   RO         2240    .ARM.Collect$$rtentry$$00000000  c_w.l(rtentry.o)
    0x080001b0   0x00000000   Code   RO         2249    .ARM.Collect$$rtentry$$00000002  c_w.l(rtentry2.o)
    0x080001b0   0x00000006   Code   RO         2261    .ARM.Collect$$rtentry$$00000004  c_w.l(rtentry4.o)
    0x080001b6   0x00000000   Code   RO         2251    .ARM.Collect$$rtentry$$00000009  c_w.l(rtentry2.o)
    0x080001b6   0x00000004   Code   RO         2252    .ARM.Collect$$rtentry$$0000000A  c_w.l(rtentry2.o)
    0x080001ba   0x00000000   Code   RO         2254    .ARM.Collect$$rtentry$$0000000C  c_w.l(rtentry2.o)
    0x080001ba   0x00000008   Code   RO         2255    .ARM.Collect$$rtentry$$0000000D  c_w.l(rtentry2.o)
    0x080001c2   0x00000002   Code   RO         2276    .ARM.Collect$$rtexit$$00000000  c_w.l(rtexit.o)
    0x080001c4   0x00000000   Code   RO         2322    .ARM.Collect$$rtexit$$00000002  c_w.l(rtexit2.o)
    0x080001c4   0x00000004   Code   RO         2323    .ARM.Collect$$rtexit$$00000003  c_w.l(rtexit2.o)
    0x080001c8   0x00000006   Code   RO         2324    .ARM.Collect$$rtexit$$00000004  c_w.l(rtexit2.o)
    0x080001ce   0x00000002   PAD
    0x080001d0   0x00000024   Code   RO          602    .text               stm32f10x_vector.o
    0x080001f4   0x0000008a   Code   RO         2212    .text               c_w.l(rt_memcpy_v6.o)
    0x0800027e   0x0000004e   Code   RO         2214    .text               c_w.l(rt_memclr_w.o)
    0x080002cc   0x00000006   Code   RO         2216    .text               c_w.l(heapauxi.o)
    0x080002d2   0x00000064   Code   RO         2241    .text               c_w.l(rt_memcpy_w.o)
    0x08000336   0x0000004a   Code   RO         2263    .text               c_w.l(sys_stackheap_outer.o)
    0x08000380   0x0000000c   Code   RO         2265    .text               c_w.l(exit.o)
    0x0800038c   0x00000008   Code   RO         2273    .text               c_w.l(libspace.o)
    0x08000394   0x00000008   Code   RO         2331    .text               c_w.l(rt_fp_status_addr_intlibspace.o)
    0x0800039c   0x0000000c   Code   RO         2335    .text               c_w.l(sys_exit.o)
    0x080003a8   0x00000002   Code   RO         2346    .text               c_w.l(use_no_semi.o)
    0x080003aa   0x00000000   Code   RO         2348    .text               c_w.l(indicate_semi.o)
    0x080003aa   0x00000002   Code   RO            3    i.ADC1_2_IRQHandler  stm32f10x_it.o
    0x080003ac   0x00000002   Code   RO            4    i.ADC3_IRQHandler   stm32f10x_it.o
    0x080003ae   0x00000014   Code   RO          609    i.ADC_Cmd           STM32F10xR.LIB(stm32f10x_adc.o)
    0x080003c2   0x0000000e   Code   RO          615    i.ADC_GetCalibrationStatus  STM32F10xR.LIB(stm32f10x_adc.o)
    0x080003d0   0x00000006   Code   RO          622    i.ADC_GetConversionValue  STM32F10xR.LIB(stm32f10x_adc.o)
    0x080003d6   0x0000000e   Code   RO          613    i.ADC_GetResetCalibrationStatus  STM32F10xR.LIB(stm32f10x_adc.o)
    0x080003e4   0x00000048   Code   RO          607    i.ADC_Init          STM32F10xR.LIB(stm32f10x_adc.o)
    0x0800042c   0x00000074   Code   RO          620    i.ADC_RegularChannelConfig  STM32F10xR.LIB(stm32f10x_adc.o)
    0x080004a0   0x0000000a   Code   RO          612    i.ADC_ResetCalibration  STM32F10xR.LIB(stm32f10x_adc.o)
    0x080004aa   0x00000014   Code   RO          616    i.ADC_SoftwareStartConvCmd  STM32F10xR.LIB(stm32f10x_adc.o)
    0x080004be   0x0000000a   Code   RO          614    i.ADC_StartCalibration  STM32F10xR.LIB(stm32f10x_adc.o)
    0x080004c8   0x00000004   Code   RO            5    i.BusFaultException  stm32f10x_it.o
    0x080004cc   0x00000002   Code   RO            6    i.CAN_RX1_IRQHandler  stm32f10x_it.o
    0x080004ce   0x00000002   Code   RO            7    i.CAN_SCE_IRQHandler  stm32f10x_it.o
    0x080004d0   0x00000030   Code   RO          533    i.CRC16             crc.o
    0x08000500   0x00000002   Code   RO            8    i.DMA1_Channel1_IRQHandler  stm32f10x_it.o
    0x08000502   0x00000002   Code   RO            9    i.DMA1_Channel2_IRQHandler  stm32f10x_it.o
    0x08000504   0x00000002   Code   RO           10    i.DMA1_Channel3_IRQHandler  stm32f10x_it.o
    0x08000506   0x00000002   Code   RO           11    i.DMA1_Channel4_IRQHandler  stm32f10x_it.o
    0x08000508   0x00000002   Code   RO           12    i.DMA1_Channel5_IRQHandler  stm32f10x_it.o
    0x0800050a   0x00000002   Code   RO           13    i.DMA1_Channel6_IRQHandler  stm32f10x_it.o
    0x0800050c   0x00000002   Code   RO           14    i.DMA1_Channel7_IRQHandler  stm32f10x_it.o
    0x0800050e   0x00000002   Code   RO           15    i.DMA2_Channel1_IRQHandler  stm32f10x_it.o
    0x08000510   0x00000002   Code   RO           16    i.DMA2_Channel2_IRQHandler  stm32f10x_it.o
    0x08000512   0x00000002   Code   RO           17    i.DMA2_Channel3_IRQHandler  stm32f10x_it.o
    0x08000514   0x00000002   Code   RO           18    i.DMA2_Channel4_5_IRQHandler  stm32f10x_it.o
    0x08000516   0x00000002   Code   RO           19    i.DebugMonitor      stm32f10x_it.o
    0x08000518   0x00000032   Code   RO          546    i.Decode            md5c.o
    0x0800054a   0x00000002   Code   RO           20    i.EXTI0_IRQHandler  stm32f10x_it.o
    0x0800054c   0x00000002   Code   RO           21    i.EXTI15_10_IRQHandler  stm32f10x_it.o
    0x0800054e   0x00000002   Code   RO           22    i.EXTI1_IRQHandler  stm32f10x_it.o
    0x08000550   0x00000002   Code   RO           23    i.EXTI2_IRQHandler  stm32f10x_it.o
    0x08000552   0x00000002   Code   RO           24    i.EXTI3_IRQHandler  stm32f10x_it.o
    0x08000554   0x00000002   Code   RO           25    i.EXTI4_IRQHandler  stm32f10x_it.o
    0x08000556   0x00000002   Code   RO           26    i.EXTI9_5_IRQHandler  stm32f10x_it.o
    0x08000558   0x0000003e   Code   RO          547    i.Encode            md5c.o
    0x08000596   0x00000002   PAD
    0x08000598   0x0000000c   Code   RO          869    i.FLASH_ClearFlag   STM32F10xR.LIB(stm32f10x_flash.o)
    0x080005a4   0x00000040   Code   RO          854    i.FLASH_ErasePage   STM32F10xR.LIB(stm32f10x_flash.o)
    0x080005e4   0x00000028   Code   RO          852    i.FLASH_GetStatus   STM32F10xR.LIB(stm32f10x_flash.o)
    0x0800060c   0x00000002   Code   RO           27    i.FLASH_IRQHandler  stm32f10x_it.o
    0x0800060e   0x00000002   PAD
    0x08000610   0x00000018   Code   RO          849    i.FLASH_PrefetchBufferCmd  STM32F10xR.LIB(stm32f10x_flash.o)
    0x08000628   0x00000044   Code   RO          857    i.FLASH_ProgramWord  STM32F10xR.LIB(stm32f10x_flash.o)
    0x0800066c   0x00000018   Code   RO          847    i.FLASH_SetLatency  STM32F10xR.LIB(stm32f10x_flash.o)
    0x08000684   0x00000018   Code   RO          850    i.FLASH_Unlock      STM32F10xR.LIB(stm32f10x_flash.o)
    0x0800069c   0x00000028   Code   RO          853    i.FLASH_WaitForLastOperation  STM32F10xR.LIB(stm32f10x_flash.o)
    0x080006c4   0x00000002   Code   RO           28    i.FSMC_IRQHandler   stm32f10x_it.o
    0x080006c6   0x00000002   PAD
    0x080006c8   0x000000a0   Code   RO          475    i.FlashRestore      main.o
    0x08000768   0x00000154   Code   RO          476    i.FlashStore        main.o
    0x080008bc   0x000000a0   Code   RO          998    i.GPIO_Init         STM32F10xR.LIB(stm32f10x_gpio.o)
    0x0800095c   0x00000004   Code   RO         1005    i.GPIO_ResetBits    STM32F10xR.LIB(stm32f10x_gpio.o)
    0x08000960   0x00000004   Code   RO         1004    i.GPIO_SetBits      STM32F10xR.LIB(stm32f10x_gpio.o)
    0x08000964   0x00000004   Code   RO           29    i.HardFaultException  stm32f10x_it.o
    0x08000968   0x00000002   Code   RO           30    i.I2C1_ER_IRQHandler  stm32f10x_it.o
    0x0800096a   0x00000002   Code   RO           31    i.I2C1_EV_IRQHandler  stm32f10x_it.o
    0x0800096c   0x00000002   Code   RO           32    i.I2C2_ER_IRQHandler  stm32f10x_it.o
    0x0800096e   0x00000002   Code   RO           33    i.I2C2_EV_IRQHandler  stm32f10x_it.o
    0x08000970   0x00000058   Code   RO          548    i.MD5Final          md5c.o
    0x080009c8   0x00000024   Code   RO          549    i.MD5Init           md5c.o
    0x080009ec   0x000007dc   Code   RO          550    i.MD5Transform      md5c.o
    0x080011c8   0x00000084   Code   RO          551    i.MD5Update         md5c.o
    0x0800124c   0x00000004   Code   RO           34    i.MemManageException  stm32f10x_it.o
    0x08001250   0x00000002   Code   RO           35    i.NMIException      stm32f10x_it.o
    0x08001252   0x00000046   Code   RO          477    i.NVIC_Configuration  main.o
    0x08001298   0x00000074   Code   RO         1110    i.NVIC_Init         STM32F10xR.LIB(stm32f10x_nvic.o)
    0x0800130c   0x00000014   Code   RO         1125    i.NVIC_SetVectorTable  STM32F10xR.LIB(stm32f10x_nvic.o)
    0x08001320   0x00000002   Code   RO           36    i.PVD_IRQHandler    stm32f10x_it.o
    0x08001322   0x00000002   Code   RO           37    i.PendSVC           stm32f10x_it.o
    0x08001324   0x00000014   Code   RO         1311    i.RCC_ADCCLKConfig  STM32F10xR.LIB(stm32f10x_rcc.o)
    0x08001338   0x00000018   Code   RO         1319    i.RCC_APB1PeriphClockCmd  STM32F10xR.LIB(stm32f10x_rcc.o)
    0x08001350   0x00000018   Code   RO         1318    i.RCC_APB2PeriphClockCmd  STM32F10xR.LIB(stm32f10x_rcc.o)
    0x08001368   0x0000005c   Code   RO          478    i.RCC_Configuration  main.o
    0x080013c4   0x0000003c   Code   RO         1296    i.RCC_DeInit        STM32F10xR.LIB(stm32f10x_rcc.o)
    0x08001400   0x00000094   Code   RO         1316    i.RCC_GetClocksFreq  STM32F10xR.LIB(stm32f10x_rcc.o)
    0x08001494   0x00000030   Code   RO         1298    i.RCC_GetFlagStatus  STM32F10xR.LIB(stm32f10x_rcc.o)
    0x080014c4   0x00000010   Code   RO         1305    i.RCC_GetSYSCLKSource  STM32F10xR.LIB(stm32f10x_rcc.o)
    0x080014d4   0x00000014   Code   RO         1306    i.RCC_HCLKConfig    STM32F10xR.LIB(stm32f10x_rcc.o)
    0x080014e8   0x00000002   Code   RO           38    i.RCC_IRQHandler    stm32f10x_it.o
    0x080014ea   0x00000002   PAD
    0x080014ec   0x00000014   Code   RO         1307    i.RCC_PCLK1Config   STM32F10xR.LIB(stm32f10x_rcc.o)
    0x08001500   0x00000014   Code   RO         1308    i.RCC_PCLK2Config   STM32F10xR.LIB(stm32f10x_rcc.o)
    0x08001514   0x0000000c   Code   RO         1303    i.RCC_PLLCmd        STM32F10xR.LIB(stm32f10x_rcc.o)
    0x08001520   0x00000014   Code   RO         1302    i.RCC_PLLConfig     STM32F10xR.LIB(stm32f10x_rcc.o)
    0x08001534   0x00000014   Code   RO         1304    i.RCC_SYSCLKConfig  STM32F10xR.LIB(stm32f10x_rcc.o)
    0x08001548   0x00000002   Code   RO           39    i.RTCAlarm_IRQHandler  stm32f10x_it.o
    0x0800154a   0x00000002   Code   RO           40    i.RTC_IRQHandler    stm32f10x_it.o
    0x0800154c   0x00000002   Code   RO           41    i.SDIO_IRQHandler   stm32f10x_it.o
    0x0800154e   0x00000002   Code   RO           42    i.SPI1_IRQHandler   stm32f10x_it.o
    0x08001550   0x00000002   Code   RO           43    i.SPI2_IRQHandler   stm32f10x_it.o
    0x08001552   0x00000002   Code   RO           44    i.SPI3_IRQHandler   stm32f10x_it.o
    0x08001554   0x00000002   Code   RO           45    i.SVCHandler        stm32f10x_it.o
    0x08001556   0x00000002   Code   RO           46    i.SysTickHandler    stm32f10x_it.o
    0x08001558   0x00000002   Code   RO           47    i.TAMPER_IRQHandler  stm32f10x_it.o
    0x0800155a   0x00000002   Code   RO           48    i.TIM1_BRK_IRQHandler  stm32f10x_it.o
    0x0800155c   0x00000002   Code   RO           49    i.TIM1_CC_IRQHandler  stm32f10x_it.o
    0x0800155e   0x00000002   Code   RO           50    i.TIM1_TRG_COM_IRQHandler  stm32f10x_it.o
    0x08001560   0x00000002   Code   RO           51    i.TIM1_UP_IRQHandler  stm32f10x_it.o
    0x08001562   0x00000002   PAD
    0x08001564   0x000003a8   Code   RO          479    i.TIM2_IRQHandler   main.o
    0x0800190c   0x00000002   Code   RO           52    i.TIM3_IRQHandler   stm32f10x_it.o
    0x0800190e   0x00000002   Code   RO           53    i.TIM4_IRQHandler   stm32f10x_it.o
    0x08001910   0x00000002   Code   RO           54    i.TIM5_IRQHandler   stm32f10x_it.o
    0x08001912   0x00000002   Code   RO           55    i.TIM6_IRQHandler   stm32f10x_it.o
    0x08001914   0x00000002   Code   RO           56    i.TIM7_IRQHandler   stm32f10x_it.o
    0x08001916   0x00000002   Code   RO           57    i.TIM8_BRK_IRQHandler  stm32f10x_it.o
    0x08001918   0x00000002   Code   RO           58    i.TIM8_CC_IRQHandler  stm32f10x_it.o
    0x0800191a   0x00000002   Code   RO           59    i.TIM8_TRG_COM_IRQHandler  stm32f10x_it.o
    0x0800191c   0x00000002   Code   RO           60    i.TIM8_UP_IRQHandler  stm32f10x_it.o
    0x0800191e   0x00000006   Code   RO         1584    i.TIM_ClearITPendingBit  STM32F10xR.LIB(stm32f10x_tim.o)
    0x08001924   0x00000016   Code   RO         1515    i.TIM_Cmd           STM32F10xR.LIB(stm32f10x_tim.o)
    0x0800193a   0x00000002   PAD
    0x0800193c   0x00000060   Code   RO         1499    i.TIM_OC1Init       STM32F10xR.LIB(stm32f10x_tim.o)
    0x0800199c   0x0000000c   Code   RO         1539    i.TIM_OC1PreloadConfig  STM32F10xR.LIB(stm32f10x_tim.o)
    0x080019a8   0x0000007c   Code   RO         1500    i.TIM_OC2Init       STM32F10xR.LIB(stm32f10x_tim.o)
    0x08001a24   0x0000000e   Code   RO         1540    i.TIM_OC2PreloadConfig  STM32F10xR.LIB(stm32f10x_tim.o)
    0x08001a32   0x00000002   PAD
    0x08001a34   0x0000003c   Code   RO         1498    i.TIM_TimeBaseInit  STM32F10xR.LIB(stm32f10x_tim.o)
    0x08001a70   0x00000002   Code   RO           61    i.UART4_IRQHandler  stm32f10x_it.o
    0x08001a72   0x00000002   Code   RO           62    i.UART5_IRQHandler  stm32f10x_it.o
    0x08001a74   0x0000042c   Code   RO          480    i.USART1_IRQHandler  main.o
    0x08001ea0   0x00000002   Code   RO           63    i.USART2_IRQHandler  stm32f10x_it.o
    0x08001ea2   0x00000002   Code   RO           64    i.USART3_IRQHandler  stm32f10x_it.o
    0x08001ea4   0x00000014   Code   RO         2040    i.USART_Cmd         STM32F10xR.LIB(stm32f10x_usart.o)
    0x08001eb8   0x00000030   Code   RO         2041    i.USART_ITConfig    STM32F10xR.LIB(stm32f10x_usart.o)
    0x08001ee8   0x00000088   Code   RO         2036    i.USART_Init        STM32F10xR.LIB(stm32f10x_usart.o)
    0x08001f70   0x00000002   Code   RO           65    i.USBWakeUp_IRQHandler  stm32f10x_it.o
    0x08001f72   0x00000002   Code   RO           66    i.USB_HP_CAN_TX_IRQHandler  stm32f10x_it.o
    0x08001f74   0x00000002   Code   RO           67    i.USB_LP_CAN_RX0_IRQHandler  stm32f10x_it.o
    0x08001f76   0x00000004   Code   RO           68    i.UsageFaultException  stm32f10x_it.o
    0x08001f7a   0x00000002   Code   RO           69    i.WWDG_IRQHandler   stm32f10x_it.o
    0x08001f7c   0x00000680   Code   RO          481    i.main              main.o
    0x080025fc   0x00000150   Code   RO         2220    x$fpl$dadd          fz_ws.l(daddsub_clz.o)
    0x0800274c   0x000002b0   Code   RO         2227    x$fpl$ddiv          fz_ws.l(ddiv.o)
    0x080029fc   0x0000005a   Code   RO         2230    x$fpl$dfixu         fz_ws.l(dfixu.o)
    0x08002a56   0x0000002e   Code   RO         2235    x$fpl$dflt          fz_ws.l(dflt_clz.o)
    0x08002a84   0x0000009c   Code   RO         2243    x$fpl$dnaninf       fz_ws.l(dnaninf.o)
    0x08002b20   0x0000000c   Code   RO         2245    x$fpl$dretinf       fz_ws.l(dretinf.o)
    0x08002b2c   0x000001d4   Code   RO         2222    x$fpl$dsub          fz_ws.l(daddsub_clz.o)
    0x08002d00   0x0000000e   Code   RO         2319    x$fpl$fpinit        fz_ws.l(fpinit.o)
    0x08002d0e   0x00000000   Code   RO         2247    x$fpl$usenofp       fz_ws.l(usenofp.o)
    0x08002d0e   0x00000200   Data   RO          534    .constdata          crc.o
    0x08002f0e   0x00000014   Data   RO         1329    .constdata          STM32F10xR.LIB(stm32f10x_rcc.o)
    0x08002f22   0x00000002   PAD
    0x08002f24   0x00000020   Data   RO         2400    Region$$Table       anon$$obj.o


    Execution Region RW_IRAM1 (Base: 0x20000000, Size: 0x00000e68, Max: 0x00001000, ABSOLUTE)

    Base Addr    Size         Type   Attr      Idx    E Section Name        Object

    0x20000000   0x0000008c   Data   RW          483    .data               main.o
    0x2000008c   0x00000040   Data   RW          552    .data               md5c.o
    0x200000cc   0x0000053a   Zero   RW          482    .bss                main.o
    0x20000606   0x00000002   PAD
    0x20000608   0x00000060   Zero   RW         2274    .bss                c_w.l(libspace.o)
    0x20000668   0x00000400   Zero   RW          600    HEAP                stm32f10x_vector.o
    0x20000a68   0x00000400   Zero   RW          599    STACK               stm32f10x_vector.o


==============================================================================

Image component sizes


      Code (inc. data)   RO Data    RW Data    ZI Data      Debug   Object Name

        48          6        512          0          0        572   crc.o
      4330        320          0        140       1338       8470   main.o
      2380        266          0         64          0       5377   md5c.o
       142          0          0          0          0     280486   stm32f10x_it.o
        36         22        304          0       2048        280   stm32f10x_vector.o

    ----------------------------------------------------------------------
      6946        614        848        204       3388     295185   Object Totals
         0          0         32          0          0          0   (incl. Generated)
        10          0          0          0          2          0   (incl. Padding)

    ----------------------------------------------------------------------

      Code (inc. data)   RO Data    RW Data    ZI Data      Debug   Library Member Name

       282         10          0          0          0      38817   stm32f10x_adc.o
       296         44          0          0          0       9639   stm32f10x_flash.o
       168          0          0          0          0       8860   stm32f10x_gpio.o
       136          8          0          0          0       9154   stm32f10x_nvic.o
       452         90         20          0          0       8645   stm32f10x_rcc.o
       334         24          0          0          0      28503   stm32f10x_tim.o
       204          6          0          0          0       9406   stm32f10x_usart.o
         8          0          0          0          0         68   __main.o
        52          8          0          0          0          0   __scatter.o
        26          0          0          0          0          0   __scatter_copy.o
        28          0          0          0          0          0   __scatter_zi.o
        12          0          0          0          0         72   exit.o
         6          0          0          0          0        152   heapauxi.o
         0          0          0          0          0          0   indicate_semi.o
         6          0          0          0          0          0   libinit.o
         2          0          0          0          0          0   libinit2.o
         2          0          0          0          0          0   libshutdown.o
         2          0          0          0          0          0   libshutdown2.o
         8          4          0          0         96         68   libspace.o
         8          4          0          0          0         68   rt_fp_status_addr_intlibspace.o
        78          0          0          0          0         80   rt_memclr_w.o
       138          0          0          0          0         68   rt_memcpy_v6.o
       100          0          0          0          0         80   rt_memcpy_w.o
         0          0          0          0          0          0   rtentry.o
        12          0          0          0          0          0   rtentry2.o
         6          0          0          0          0          0   rtentry4.o
         2          0          0          0          0          0   rtexit.o
        10          0          0          0          0          0   rtexit2.o
        12          4          0          0          0         68   sys_exit.o
        74          0          0          0          0         80   sys_stackheap_outer.o
         2          0          0          0          0         68   use_no_semi.o
       804         16          0          0          0        280   daddsub_clz.o
       688        140          0          0          0        212   ddiv.o
        90          4          0          0          0         92   dfixu.o
        46          0          0          0          0         68   dflt_clz.o
       156          4          0          0          0         92   dnaninf.o
        12          0          0          0          0         68   dretinf.o
        14          0          0          0          0         76   fpinit.o
         0          0          0          0          0          0   usenofp.o

    ----------------------------------------------------------------------
      4284        366         22          0         96     114784   Library Totals
         8          0          2          0          0          0   (incl. Padding)

    ----------------------------------------------------------------------

      Code (inc. data)   RO Data    RW Data    ZI Data      Debug   Library Name

      1872        182         20          0          0     113024   STM32F10xR.LIB
       594         20          0          0         96        872   c_w.l
      1810        164          0          0          0        888   fz_ws.l

    ----------------------------------------------------------------------
      4284        366         22          0         96     114784   Library Totals

    ----------------------------------------------------------------------

==============================================================================


      Code (inc. data)   RO Data    RW Data    ZI Data      Debug   

     11230        980        870        204       3484     402925   Grand Totals
     11230        980        870        204       3484     402925   ELF Image Totals
     11230        980        870        204          0          0   ROM Totals

==============================================================================

    Total RO  Size (Code + RO Data)                12100 (  11.82kB)
    Total RW  Size (RW Data + ZI Data)              3688 (   3.60kB)
    Total ROM Size (Code + RO Data + RW Data)      12304 (  12.02kB)

==============================================================================

